<html>
<body>
<pre>
<h1>µVision Build Log</h1>
<h2>Tool Versions:</h2>
IDE-Version: µVision V5.36.0.0
Copyright (C) 2021 ARM Ltd and ARM Germany GmbH. All rights reserved.
License Information: greatreyhan greatreyhan, greatreyhan, LIC=SDA0P-MBZUJ-TG67T-RYQLM-E8BHU-67F4A
 
Tool Versions:
Toolchain:       MDK-ARM Plus  Version: 5.36.0.0
Toolchain Path:  C:\Keil_v5\ARM\ARMCC\Bin
C Compiler:      Armcc.exe V5.06 update 7 (build 960)
Assembler:       Armasm.exe V5.06 update 7 (build 960)
Linker/Locator:  ArmLink.exe V5.06 update 7 (build 960)
Library Manager: ArmAr.exe V5.06 update 7 (build 960)
Hex Converter:   FromElf.exe V5.06 update 7 (build 960)
CPU DLL:         SARMCM3.DLL V5.36.0.0
Dialog DLL:      DCM.DLL V1.17.3.0
Target DLL:      STLink\ST-LINKIII-KEIL_SWO.dll V3.0.9.0
Dialog DLL:      TCM.DLL V1.53.0.0
 
<h2>Project:</h2>
D:\STM32\kepala\Test Kepala\MDK-ARM\Kepala_Fuzzy.uvprojx
Project File Date:  04/29/2023

<h2>Output:</h2>
*** Using Compiler 'V5.06 update 7 (build 960)', folder: 'C:\Keil_v5\ARM\ARMCC\Bin'
Build target 'Kepala_Fuzzy'
compiling Komunikasi.c...
..\Komunikasi.h(107): warning:  #1-D: last line of file ends without a newline
  #endif
..\Komunikasi.c(151): warning:  #188-D: enumerated type mixed with another type
  				get->mode_jalan = rxbuf_get[i+10];
..\Komunikasi.c(169): warning:  #188-D: enumerated type mixed with another type
  				get->skew_mode = rxbuf_get[i+4];
..\Komunikasi.c(245): warning:  #188-D: enumerated type mixed with another type
  				if(rxbuf_get[i+3]) get->cmd = rxbuf_get[i+3];
..\Komunikasi.c(248): warning:  #188-D: enumerated type mixed with another type
  				if(rxbuf_get[i+4]) get->status = rxbuf_get[i+4];
..\Komunikasi.c(262): warning:  #188-D: enumerated type mixed with another type
  				if(rxbuf_get[i+3]) get->move = rxbuf_get[i+3];
..\Komunikasi.c(271): warning:  #1-D: last line of file ends without a newline
  }
..\Komunikasi.c: 7 warnings, 0 errors
compiling main.c...
..\..\Test Kepala\Ping_driver.h(23): warning:  #1-D: last line of file ends without a newline
  #endif
..\..\Test Kepala\Komunikasi.h(107): warning:  #1-D: last line of file ends without a newline
  #endif
..\..\Test Kepala\Huskylens_driver.h(175): warning:  #1-D: last line of file ends without a newline
  #endif
..\..\Test Kepala\Dynamixel.h(74): warning:  #1-D: last line of file ends without a newline
  #endif
..\..\Test Kepala\PID_driver.h(39): warning:  #1-D: last line of file ends without a newline
  #endif
../Core/Src/main.c(141): warning:  #188-D: enumerated type mixed with another type
  home_typedef_t home_direction = 0x00;
../Core/Src/main.c(318): warning:  #188-D: enumerated type mixed with another type
  	tx_capit(HOME_CAPIT, 0x00, 20);
../Core/Src/main.c(480): warning:  #188-D: enumerated type mixed with another type
  			tx_capit(HOME_CAPIT, 0x00, 15);
../Core/Src/main.c(481): warning:  #188-D: enumerated type mixed with another type
  			tx_capit(AMBIL_KORBAN, 0x00, 15); 
../Core/Src/main.c(1207): warning:  #940-D: missing return statement at end of non-void function "scp_korban_follower_statis" 
  }
../Core/Src/main.c(1239): warning:  #940-D: missing return statement at end of non-void function "scp_korban_follower_kepala" 
  	}
../Core/Src/main.c(1296): warning:  #940-D: missing return statement at end of non-void function "scp_korban_follower" 
  	}
../Core/Src/main.c(1332): warning:  #940-D: missing return statement at end of non-void function "scp_korban_follower_rotasi" 
  	}
../Core/Src/main.c(1376): warning:  #188-D: enumerated type mixed with another type
  		tx_capit(HOME_CAPIT, 0x00, 15);
../Core/Src/main.c(1378): warning:  #188-D: enumerated type mixed with another type
  		tx_capit(AMBIL_KORBAN, 0x00, 15); 
../Core/Src/main.c(1387): warning:  #188-D: enumerated type mixed with another type
  		tx_capit(HOME_CAPIT, 0x00, 15);
../Core/Src/main.c(1389): warning:  #188-D: enumerated type mixed with another type
  		tx_capit(PENYELAMATAN_KORBAN, 0x00, 15); 
../Core/Src/main.c: 17 warnings, 0 errors
linking...
Program Size: Code=18806 RO-data=458 RW-data=160 ZI-data=2840  
FromELF: creating hex file...
"Kepala_Fuzzy\Kepala_Fuzzy.axf" - 0 Error(s), 24 Warning(s).

<h2>Software Packages used:</h2>

Package Vendor: ARM
                http://www.keil.com/pack/ARM.CMSIS.5.8.0.pack
                ARM.CMSIS.5.8.0
                CMSIS (Common Microcontroller Software Interface Standard)
   * Component: CORE Version: 5.5.0

Package Vendor: Keil
                https://www.keil.com/pack/Keil.STM32F4xx_DFP.2.17.0.pack
                Keil.STM32F4xx_DFP.2.17.0
                STMicroelectronics STM32F4 Series Device Support, Drivers and Examples

<h2>Collection of Component include folders:</h2>
  .\RTE\_Kepala_Fuzzy
  C:\Users\LENOVO\AppData\Local\Arm\Packs\ARM\CMSIS\5.8.0\CMSIS\Core\Include
  C:\Users\LENOVO\AppData\Local\Arm\Packs\Keil\STM32F4xx_DFP\2.17.0\Drivers\CMSIS\Device\ST\STM32F4xx\Include

<h2>Collection of Component Files used:</h2>

   * Component: ARM::CMSIS:CORE:5.5.0
      Include file:  CMSIS\Core\Include\tz_context.h
Build Time Elapsed:  00:00:03
</pre>
</body>
</html>
