Component: ARM Compiler 5.06 update 7 (build 960) Tool: armlink [4d3601]

==============================================================================

Section Cross References

    startup_stm32f407xx.o(STACK) refers (Special) to heapauxi.o(.text) for __use_two_region_memory
    startup_stm32f407xx.o(HEAP) refers (Special) to heapauxi.o(.text) for __use_two_region_memory
    startup_stm32f407xx.o(RESET) refers (Special) to heapauxi.o(.text) for __use_two_region_memory
    startup_stm32f407xx.o(RESET) refers to startup_stm32f407xx.o(STACK) for __initial_sp
    startup_stm32f407xx.o(RESET) refers to startup_stm32f407xx.o(.text) for Reset_Handler
    startup_stm32f407xx.o(RESET) refers to stm32f4xx_it.o(i.NMI_Handler) for NMI_Handler
    startup_stm32f407xx.o(RESET) refers to stm32f4xx_it.o(i.HardFault_Handler) for HardFault_Handler
    startup_stm32f407xx.o(RESET) refers to stm32f4xx_it.o(i.MemManage_Handler) for MemManage_Handler
    startup_stm32f407xx.o(RESET) refers to stm32f4xx_it.o(i.BusFault_Handler) for BusFault_Handler
    startup_stm32f407xx.o(RESET) refers to stm32f4xx_it.o(i.UsageFault_Handler) for UsageFault_Handler
    startup_stm32f407xx.o(RESET) refers to stm32f4xx_it.o(i.SVC_Handler) for SVC_Handler
    startup_stm32f407xx.o(RESET) refers to stm32f4xx_it.o(i.DebugMon_Handler) for DebugMon_Handler
    startup_stm32f407xx.o(RESET) refers to stm32f4xx_it.o(i.PendSV_Handler) for PendSV_Handler
    startup_stm32f407xx.o(RESET) refers to stm32f4xx_it.o(i.SysTick_Handler) for SysTick_Handler
    startup_stm32f407xx.o(RESET) refers to stm32f4xx_it.o(i.DMA1_Stream5_IRQHandler) for DMA1_Stream5_IRQHandler
    startup_stm32f407xx.o(RESET) refers to stm32f4xx_it.o(i.USART2_IRQHandler) for USART2_IRQHandler
    startup_stm32f407xx.o(.text) refers (Special) to heapauxi.o(.text) for __use_two_region_memory
    startup_stm32f407xx.o(.text) refers to system_stm32f4xx.o(i.SystemInit) for SystemInit
    startup_stm32f407xx.o(.text) refers to __main.o(!!!main) for __main
    startup_stm32f407xx.o(.text) refers to startup_stm32f407xx.o(HEAP) for Heap_Mem
    startup_stm32f407xx.o(.text) refers to startup_stm32f407xx.o(STACK) for Stack_Mem
    fuzzy.o(i.fuzzy_defuz) refers to dmul.o(x$fpl$dmul) for __aeabi_dmul
    fuzzy.o(i.fuzzy_defuz) refers to daddsub_clz.o(x$fpl$dadd) for __aeabi_dadd
    fuzzy.o(i.fuzzy_defuz) refers to ddiv.o(x$fpl$ddiv) for __aeabi_ddiv
    fuzzy.o(i.fuzzy_fuzfication_input) refers to dleqf.o(x$fpl$dleqf) for __aeabi_cdcmple
    fuzzy.o(i.fuzzy_fuzfication_input) refers to drleqf.o(x$fpl$drleqf) for __aeabi_cdrcmple
    fuzzy.o(i.fuzzy_fuzfication_input) refers to daddsub_clz.o(x$fpl$dsub) for __aeabi_dsub
    fuzzy.o(i.fuzzy_fuzfication_input) refers to ddiv.o(x$fpl$ddiv) for __aeabi_ddiv
    fuzzy.o(i.fuzzy_fuzfication_output) refers to dleqf.o(x$fpl$dleqf) for __aeabi_cdcmple
    fuzzy.o(i.fuzzy_fuzfication_output) refers to drleqf.o(x$fpl$drleqf) for __aeabi_cdrcmple
    fuzzy.o(i.fuzzy_fuzfication_output) refers to daddsub_clz.o(x$fpl$dsub) for __aeabi_dsub
    fuzzy.o(i.fuzzy_fuzfication_output) refers to ddiv.o(x$fpl$ddiv) for __aeabi_ddiv
    fuzzy.o(i.fuzzy_logic_rule) refers to daddsub_clz.o(x$fpl$dsub) for __aeabi_dsub
    fuzzy.o(i.fuzzy_logic_rule) refers to dmul.o(x$fpl$dmul) for __aeabi_dmul
    fuzzy.o(i.fuzzy_logic_rule) refers to daddsub_clz.o(x$fpl$drsb) for __aeabi_drsub
    fuzzy.o(i.fuzzy_logic_rule) refers to daddsub_clz.o(x$fpl$dadd) for __aeabi_dadd
    komunikasi.o(i.komunikasi_init) refers to komunikasi.o(.data) for .data
    komunikasi.o(i.rx_feedback) refers to stm32f4xx_hal_uart.o(i.HAL_UART_Receive_DMA) for HAL_UART_Receive_DMA
    komunikasi.o(i.rx_feedback) refers to komunikasi.o(.data) for .data
    komunikasi.o(i.rx_get) refers to stm32f4xx_hal_uart.o(i.HAL_UART_Transmit) for HAL_UART_Transmit
    komunikasi.o(i.rx_get) refers to stm32f4xx_hal_uart.o(i.HAL_UART_Receive_DMA) for HAL_UART_Receive_DMA
    komunikasi.o(i.rx_get) refers to komunikasi.o(.bss) for .bss
    komunikasi.o(i.rx_get) refers to komunikasi.o(.data) for .data
    komunikasi.o(i.rx_start) refers to stm32f4xx_hal_uart.o(i.HAL_UART_Receive_DMA) for HAL_UART_Receive_DMA
    komunikasi.o(i.rx_start) refers to komunikasi.o(.data) for .data
    komunikasi.o(i.rx_start_get) refers to stm32f4xx_hal_uart.o(i.HAL_UART_Receive_DMA) for HAL_UART_Receive_DMA
    komunikasi.o(i.rx_start_get) refers to komunikasi.o(.bss) for .bss
    komunikasi.o(i.rx_start_get) refers to komunikasi.o(.data) for .data
    komunikasi.o(i.tx_capit) refers to komunikasi.o(i.checksum_generator) for checksum_generator
    komunikasi.o(i.tx_capit) refers to stm32f4xx_hal_uart.o(i.HAL_UART_Transmit) for HAL_UART_Transmit
    komunikasi.o(i.tx_capit) refers to komunikasi.o(.data) for .data
    komunikasi.o(i.tx_move_jalan) refers to komunikasi.o(i.checksum_generator) for checksum_generator
    komunikasi.o(i.tx_move_jalan) refers to stm32f4xx_hal_uart.o(i.HAL_UART_Transmit) for HAL_UART_Transmit
[...]
    .ARM.Collect$$rtexit$$00000002           0x0800021c   Section        0  rtexit2.o(.ARM.Collect$$rtexit$$00000002)
    .ARM.Collect$$rtexit$$00000003           0x0800021c   Section        4  rtexit2.o(.ARM.Collect$$rtexit$$00000003)
    .ARM.Collect$$rtexit$$00000004           0x08000220   Section        6  rtexit2.o(.ARM.Collect$$rtexit$$00000004)
    .text                                    0x08000228   Section       64  startup_stm32f407xx.o(.text)
    $v0                                      0x08000228   Number         0  startup_stm32f407xx.o(.text)
    .text                                    0x08000268   Section      238  lludivv7m.o(.text)
    .text                                    0x08000356   Section      138  rt_memcpy_v6.o(.text)
    .text                                    0x080003e0   Section      100  rt_memcpy_w.o(.text)
    .text                                    0x08000444   Section       78  rt_memclr_w.o(.text)
    .text                                    0x08000492   Section        0  heapauxi.o(.text)
    .text                                    0x08000498   Section       74  sys_stackheap_outer.o(.text)
    .text                                    0x080004e2   Section        0  exit.o(.text)
    .text                                    0x080004f4   Section        8  libspace.o(.text)
    .text                                    0x080004fc   Section        0  sys_exit.o(.text)
    .text                                    0x08000508   Section        2  use_no_semi.o(.text)
    .text                                    0x0800050a   Section        0  indicate_semi.o(.text)
    i.BusFault_Handler                       0x0800050a   Section        0  stm32f4xx_it.o(i.BusFault_Handler)
    i.DMA1_Stream5_IRQHandler                0x0800050c   Section        0  stm32f4xx_it.o(i.DMA1_Stream5_IRQHandler)
    i.DMA_CalcBaseAndBitshift                0x08000518   Section        0  stm32f4xx_hal_dma.o(i.DMA_CalcBaseAndBitshift)
    DMA_CalcBaseAndBitshift                  0x08000519   Thumb Code    34  stm32f4xx_hal_dma.o(i.DMA_CalcBaseAndBitshift)
    i.DMA_CheckFifoParam                     0x08000540   Section        0  stm32f4xx_hal_dma.o(i.DMA_CheckFifoParam)
    DMA_CheckFifoParam                       0x08000541   Thumb Code    84  stm32f4xx_hal_dma.o(i.DMA_CheckFifoParam)
    i.DMA_SetConfig                          0x08000594   Section        0  stm32f4xx_hal_dma.o(i.DMA_SetConfig)
    DMA_SetConfig                            0x08000595   Thumb Code    40  stm32f4xx_hal_dma.o(i.DMA_SetConfig)
    i.DWT_Delay_Init                         0x080005bc   Section        0  dwt_delay.o(i.DWT_Delay_Init)
    i.DWT_Delay_us                           0x08000600   Section        0  ping_driver.o(i.DWT_Delay_us)
    DWT_Delay_us                             0x08000601   Thumb Code    34  ping_driver.o(i.DWT_Delay_us)
    i.DebugMon_Handler                       0x0800062c   Section        0  stm32f4xx_it.o(i.DebugMon_Handler)
    i.Error_Handler                          0x0800062e   Section        0  main.o(i.Error_Handler)
    i.HAL_DMA_Abort                          0x08000632   Section        0  stm32f4xx_hal_dma.o(i.HAL_DMA_Abort)
    i.HAL_DMA_Abort_IT                       0x080006c4   Section        0  stm32f4xx_hal_dma.o(i.HAL_DMA_Abort_IT)
    i.HAL_DMA_IRQHandler                     0x080006e8   Section        0  stm32f4xx_hal_dma.o(i.HAL_DMA_IRQHandler)
    i.HAL_DMA_Init                           0x08000888   Section        0  stm32f4xx_hal_dma.o(i.HAL_DMA_Init)
    i.HAL_DMA_Start_IT                       0x0800095c   Section        0  stm32f4xx_hal_dma.o(i.HAL_DMA_Start_IT)
    i.HAL_Delay                              0x080009cc   Section        0  stm32f4xx_hal.o(i.HAL_Delay)
    i.HAL_GPIO_Init                          0x080009f0   Section        0  stm32f4xx_hal_gpio.o(i.HAL_GPIO_Init)
    i.HAL_GPIO_ReadPin                       0x08000be0   Section        0  stm32f4xx_hal_gpio.o(i.HAL_GPIO_ReadPin)
    i.HAL_GPIO_TogglePin                     0x08000bea   Section        0  stm32f4xx_hal_gpio.o(i.HAL_GPIO_TogglePin)
    i.HAL_GPIO_WritePin                      0x08000bfa   Section        0  stm32f4xx_hal_gpio.o(i.HAL_GPIO_WritePin)
    i.HAL_GetTick                            0x08000c04   Section        0  stm32f4xx_hal.o(i.HAL_GetTick)
    i.HAL_HalfDuplex_EnableReceiver          0x08000c10   Section        0  stm32f4xx_hal_uart.o(i.HAL_HalfDuplex_EnableReceiver)
    i.HAL_HalfDuplex_EnableTransmitter       0x08000c42   Section        0  stm32f4xx_hal_uart.o(i.HAL_HalfDuplex_EnableTransmitter)
    i.HAL_HalfDuplex_Init                    0x08000c74   Section        0  stm32f4xx_hal_uart.o(i.HAL_HalfDuplex_Init)
    i.HAL_I2C_Init                           0x08000ce0   Section        0  stm32f4xx_hal_i2c.o(i.HAL_I2C_Init)
    i.HAL_I2C_Master_Receive                 0x08000e68   Section        0  stm32f4xx_hal_i2c.o(i.HAL_I2C_Master_Receive)
    i.HAL_I2C_Master_Transmit                0x08001048   Section        0  stm32f4xx_hal_i2c.o(i.HAL_I2C_Master_Transmit)
    i.HAL_I2C_MspInit                        0x08001174   Section        0  stm32f4xx_hal_msp.o(i.HAL_I2C_MspInit)
    i.HAL_IncTick                            0x0800125c   Section        0  stm32f4xx_hal.o(i.HAL_IncTick)
    i.HAL_Init                               0x0800126c   Section        0  stm32f4xx_hal.o(i.HAL_Init)
    i.HAL_InitTick                           0x080012a0   Section        0  stm32f4xx_hal.o(i.HAL_InitTick)
    i.HAL_MspInit                            0x080012e0   Section        0  stm32f4xx_hal_msp.o(i.HAL_MspInit)
    i.HAL_NVIC_EnableIRQ                     0x08001310   Section        0  stm32f4xx_hal_cortex.o(i.HAL_NVIC_EnableIRQ)
    i.HAL_NVIC_SetPriority                   0x0800132c   Section        0  stm32f4xx_hal_cortex.o(i.HAL_NVIC_SetPriority)
    i.HAL_NVIC_SetPriorityGrouping           0x0800136c   Section        0  stm32f4xx_hal_cortex.o(i.HAL_NVIC_SetPriorityGrouping)
    i.HAL_RCC_ClockConfig                    0x08001390   Section        0  stm32f4xx_hal_rcc.o(i.HAL_RCC_ClockConfig)
    i.HAL_RCC_GetHCLKFreq                    0x080014c4   Section        0  stm32f4xx_hal_rcc.o(i.HAL_RCC_GetHCLKFreq)
    i.HAL_RCC_GetPCLK1Freq                   0x080014d0   Section        0  stm32f4xx_hal_rcc.o(i.HAL_RCC_GetPCLK1Freq)
    i.HAL_RCC_GetPCLK2Freq                   0x080014f0   Section        0  stm32f4xx_hal_rcc.o(i.HAL_RCC_GetPCLK2Freq)
    i.HAL_RCC_GetSysClockFreq                0x08001510   Section        0  stm32f4xx_hal_rcc.o(i.HAL_RCC_GetSysClockFreq)
    i.HAL_RCC_OscConfig                      0x08001574   Section        0  stm32f4xx_hal_rcc.o(i.HAL_RCC_OscConfig)
    i.HAL_SYSTICK_Config                     0x080018e0   Section        0  stm32f4xx_hal_cortex.o(i.HAL_SYSTICK_Config)
    i.HAL_UARTEx_RxEventCallback             0x08001908   Section        0  stm32f4xx_hal_uart.o(i.HAL_UARTEx_RxEventCallback)
    i.HAL_UART_ErrorCallback                 0x0800190a   Section        0  stm32f4xx_hal_uart.o(i.HAL_UART_ErrorCallback)
    i.HAL_UART_IRQHandler                    0x0800190c   Section        0  stm32f4xx_hal_uart.o(i.HAL_UART_IRQHandler)
    i.HAL_UART_Init                          0x08001b74   Section        0  stm32f4xx_hal_uart.o(i.HAL_UART_Init)
    i.HAL_UART_MspInit                       0x08001bd8   Section        0  stm32f4xx_hal_msp.o(i.HAL_UART_MspInit)
    i.HAL_UART_Receive                       0x08001ccc   Section        0  stm32f4xx_hal_uart.o(i.HAL_UART_Receive)
    i.HAL_UART_Receive_DMA                   0x08001d8c   Section        0  stm32f4xx_hal_uart.o(i.HAL_UART_Receive_DMA)
    i.HAL_UART_RxCpltCallback                0x08001db8   Section        0  main.o(i.HAL_UART_RxCpltCallback)
    i.HAL_UART_RxHalfCpltCallback            0x08001dd8   Section        0  stm32f4xx_hal_uart.o(i.HAL_UART_RxHalfCpltCallback)
    i.HAL_UART_Transmit                      0x08001ddc   Section        0  stm32f4xx_hal_uart.o(i.HAL_UART_Transmit)
    i.HAL_UART_TxCpltCallback                0x08001e8e   Section        0  stm32f4xx_hal_uart.o(i.HAL_UART_TxCpltCallback)
    i.HardFault_Handler                      0x08001e90   Section        0  stm32f4xx_it.o(i.HardFault_Handler)
    i.Home_Identification                    0x08001e94   Section        0  main.o(i.Home_Identification)
    i.I2C_IsAcknowledgeFailed                0x08001fb0   Section        0  stm32f4xx_hal_i2c.o(i.I2C_IsAcknowledgeFailed)
    I2C_IsAcknowledgeFailed                  0x08001fb1   Thumb Code    46  stm32f4xx_hal_i2c.o(i.I2C_IsAcknowledgeFailed)
    i.I2C_MasterRequestRead                  0x08001fe0   Section        0  stm32f4xx_hal_i2c.o(i.I2C_MasterRequestRead)
    I2C_MasterRequestRead                    0x08001fe1   Thumb Code   230  stm32f4xx_hal_i2c.o(i.I2C_MasterRequestRead)
    i.I2C_MasterRequestWrite                 0x080020cc   Section        0  stm32f4xx_hal_i2c.o(i.I2C_MasterRequestWrite)
    I2C_MasterRequestWrite                   0x080020cd   Thumb Code   150  stm32f4xx_hal_i2c.o(i.I2C_MasterRequestWrite)
    i.I2C_WaitOnBTFFlagUntilTimeout          0x08002168   Section        0  stm32f4xx_hal_i2c.o(i.I2C_WaitOnBTFFlagUntilTimeout)
    I2C_WaitOnBTFFlagUntilTimeout            0x08002169   Thumb Code    76  stm32f4xx_hal_i2c.o(i.I2C_WaitOnBTFFlagUntilTimeout)
    i.I2C_WaitOnFlagUntilTimeout             0x080021b4   Section        0  stm32f4xx_hal_i2c.o(i.I2C_WaitOnFlagUntilTimeout)
    I2C_WaitOnFlagUntilTimeout               0x080021b5   Thumb Code   104  stm32f4xx_hal_i2c.o(i.I2C_WaitOnFlagUntilTimeout)
    i.I2C_WaitOnMasterAddressFlagUntilTimeout 0x0800221c   Section        0  stm32f4xx_hal_i2c.o(i.I2C_WaitOnMasterAddressFlagUntilTimeout)
    I2C_WaitOnMasterAddressFlagUntilTimeout  0x0800221d   Thumb Code   150  stm32f4xx_hal_i2c.o(i.I2C_WaitOnMasterAddressFlagUntilTimeout)
    i.I2C_WaitOnRXNEFlagUntilTimeout         0x080022b2   Section        0  stm32f4xx_hal_i2c.o(i.I2C_WaitOnRXNEFlagUntilTimeout)
    I2C_WaitOnRXNEFlagUntilTimeout           0x080022b3   Thumb Code   102  stm32f4xx_hal_i2c.o(i.I2C_WaitOnRXNEFlagUntilTimeout)
    i.I2C_WaitOnTXEFlagUntilTimeout          0x08002318   Section        0  stm32f4xx_hal_i2c.o(i.I2C_WaitOnTXEFlagUntilTimeout)
    I2C_WaitOnTXEFlagUntilTimeout            0x08002319   Thumb Code    76  stm32f4xx_hal_i2c.o(i.I2C_WaitOnTXEFlagUntilTimeout)
    i.MX_GPIO_Init                           0x08002364   Section        0  main.o(i.MX_GPIO_Init)
    MX_GPIO_Init                             0x08002365   Thumb Code   134  main.o(i.MX_GPIO_Init)
    i.MemManage_Handler                      0x080023f4   Section        0  stm32f4xx_it.o(i.MemManage_Handler)
    i.NMI_Handler                            0x080023f6   Section        0  stm32f4xx_it.o(i.NMI_Handler)
    i.PIDController_Init                     0x080023f8   Section        0  pid_driver.o(i.PIDController_Init)
    i.PIDController_Update                   0x08002418   Section        0  pid_driver.o(i.PIDController_Update)
    i.PendSV_Handler                         0x080025a8   Section        0  stm32f4xx_it.o(i.PendSV_Handler)
    i.SVC_Handler                            0x080025aa   Section        0  stm32f4xx_it.o(i.SVC_Handler)
    i.SysTick_Handler                        0x080025ac   Section        0  stm32f4xx_it.o(i.SysTick_Handler)
    i.SystemClock_Config                     0x080025b0   Section        0  main.o(i.SystemClock_Config)
    i.SystemInit                             0x08002644   Section        0  system_stm32f4xx.o(i.SystemInit)
    i.UART_DMAAbortOnError                   0x08002654   Section        0  stm32f4xx_hal_uart.o(i.UART_DMAAbortOnError)
    UART_DMAAbortOnError                     0x08002655   Thumb Code    16  stm32f4xx_hal_uart.o(i.UART_DMAAbortOnError)
    i.UART_DMAError                          0x08002664   Section        0  stm32f4xx_hal_uart.o(i.UART_DMAError)
    UART_DMAError                            0x08002665   Thumb Code    74  stm32f4xx_hal_uart.o(i.UART_DMAError)
    i.UART_DMAReceiveCplt                    0x080026ae   Section        0  stm32f4xx_hal_uart.o(i.UART_DMAReceiveCplt)
    UART_DMAReceiveCplt                      0x080026af   Thumb Code   130  stm32f4xx_hal_uart.o(i.UART_DMAReceiveCplt)
    i.UART_DMARxHalfCplt                     0x08002730   Section        0  stm32f4xx_hal_uart.o(i.UART_DMARxHalfCplt)
    UART_DMARxHalfCplt                       0x08002731   Thumb Code    26  stm32f4xx_hal_uart.o(i.UART_DMARxHalfCplt)
    i.UART_EndRxTransfer                     0x0800274a   Section        0  stm32f4xx_hal_uart.o(i.UART_EndRxTransfer)
    UART_EndRxTransfer                       0x0800274b   Thumb Code    78  stm32f4xx_hal_uart.o(i.UART_EndRxTransfer)
    i.UART_EndTxTransfer                     0x08002798   Section        0  stm32f4xx_hal_uart.o(i.UART_EndTxTransfer)
    UART_EndTxTransfer                       0x08002799   Thumb Code    28  stm32f4xx_hal_uart.o(i.UART_EndTxTransfer)
    i.UART_Receive_IT                        0x080027b4   Section        0  stm32f4xx_hal_uart.o(i.UART_Receive_IT)
    UART_Receive_IT                          0x080027b5   Thumb Code   192  stm32f4xx_hal_uart.o(i.UART_Receive_IT)
    i.UART_SetConfig                         0x08002874   Section        0  stm32f4xx_hal_uart.o(i.UART_SetConfig)
    UART_SetConfig                           0x08002875   Thumb Code   258  stm32f4xx_hal_uart.o(i.UART_SetConfig)
    i.UART_Start_Receive_DMA                 0x08002980   Section        0  stm32f4xx_hal_uart.o(i.UART_Start_Receive_DMA)
    i.UART_WaitOnFlagUntilTimeout            0x08002a14   Section        0  stm32f4xx_hal_uart.o(i.UART_WaitOnFlagUntilTimeout)
    UART_WaitOnFlagUntilTimeout              0x08002a15   Thumb Code   120  stm32f4xx_hal_uart.o(i.UART_WaitOnFlagUntilTimeout)
    i.USART2_IRQHandler                      0x08002a8c   Section        0  stm32f4xx_it.o(i.USART2_IRQHandler)
    i.UsageFault_Handler                     0x08002a98   Section        0  stm32f4xx_it.o(i.UsageFault_Handler)
    i.__NVIC_SetPriority                     0x08002a9a   Section        0  stm32f4xx_hal_cortex.o(i.__NVIC_SetPriority)
    __NVIC_SetPriority                       0x08002a9b   Thumb Code    32  stm32f4xx_hal_cortex.o(i.__NVIC_SetPriority)
    i.checksum_generator                     0x08002aba   Section        0  komunikasi.o(i.checksum_generator)
    checksum_generator                       0x08002abb   Thumb Code    26  komunikasi.o(i.checksum_generator)
    i.checksum_generator                     0x08002ad4   Section        0  dynamixel.o(i.checksum_generator)
    checksum_generator                       0x08002ad5   Thumb Code    26  dynamixel.o(i.checksum_generator)
    i.dyna_calibrate                         0x08002aee   Section        0  dynamixel.o(i.dyna_calibrate)
    i.dyna_endless_turn                      0x08002b18   Section        0  dynamixel.o(i.dyna_endless_turn)
    i.dyna_init                              0x08002b58   Section        0  dynamixel.o(i.dyna_init)
    i.dyna_read_posisition                   0x08002b68   Section        0  dynamixel.o(i.dyna_read_posisition)
    i.dyna_read_posisition_H                 0x08002b80   Section        0  dynamixel.o(i.dyna_read_posisition_H)
    i.dyna_read_posisition_L                 0x08002be8   Section        0  dynamixel.o(i.dyna_read_posisition_L)
    i.dyna_scan                              0x08002c50   Section        0  dynamixel.o(i.dyna_scan)
    i.dyna_set_goal_position                 0x08002ca8   Section        0  dynamixel.o(i.dyna_set_goal_position)
    i.dyna_set_limit_CCW                     0x08002d0c   Section        0  dynamixel.o(i.dyna_set_limit_CCW)
    i.dyna_set_limit_CW                      0x08002d70   Section        0  dynamixel.o(i.dyna_set_limit_CW)
    i.dyna_set_moving_speed                  0x08002dd4   Section        0  dynamixel.o(i.dyna_set_moving_speed)
    i.dyna_set_torque_enabler                0x08002e40   Section        0  dynamixel.o(i.dyna_set_torque_enabler)
    i.fuzzy_set_membership_input             0x08002ea0   Section        0  fuzzy.o(i.fuzzy_set_membership_input)
    i.fuzzy_set_membership_output            0x08002eae   Section        0  fuzzy.o(i.fuzzy_set_membership_output)
    i.husky_getAllArrowBlock                 0x08002ebc   Section        0  huskylens_driver.o(i.husky_getAllArrowBlock)
    i.husky_getBlocks                        0x08002f20   Section        0  huskylens_driver.o(i.husky_getBlocks)
    i.husky_setAlgorithm                     0x08002fc8   Section        0  huskylens_driver.o(i.husky_setAlgorithm)
    i.husky_setup                            0x08003050   Section        0  huskylens_driver.o(i.husky_setup)
    i.komunikasi_init                        0x080030c4   Section        0  komunikasi.o(i.komunikasi_init)
    i.main                                   0x080030d0   Section        0  main.o(i.main)
    i.pid_run                                0x0800353c   Section        0  main.o(i.pid_run)
    i.ping_read                              0x08003798   Section        0  ping_driver.o(i.ping_read)
    i.rx_feedback                            0x080038b8   Section        0  komunikasi.o(i.rx_feedback)
    i.rx_start                               0x08003924   Section        0  komunikasi.o(i.rx_start)
    i.scp_belok                              0x08003934   Section        0  main.o(i.scp_belok)
    i.scp_deteksi_korban                     0x08003970   Section        0  main.o(i.scp_deteksi_korban)
    i.scp_kepala_move                        0x08003a64   Section        0  main.o(i.scp_kepala_move)
    i.scp_korban_follower                    0x08003acc   Section        0  main.o(i.scp_korban_follower)
    i.scp_wall_follower                      0x08003c04   Section        0  main.o(i.scp_wall_follower)
    i.tx_move_jalan                          0x08003f90   Section        0  komunikasi.o(i.tx_move_jalan)
    i.tx_move_rotasi                         0x08004008   Section        0  komunikasi.o(i.tx_move_rotasi)
    i.tx_move_steady                         0x0800408c   Section        0  komunikasi.o(i.tx_move_steady)
    i.tx_statis                              0x080040d0   Section        0  komunikasi.o(i.tx_statis)
    x$fpl$d2f                                0x08004134   Section       98  d2f.o(x$fpl$d2f)
    $v0                                      0x08004134   Number         0  d2f.o(x$fpl$d2f)
    x$fpl$dadd                               0x08004198   Section      336  daddsub_clz.o(x$fpl$dadd)
    $v0                                      0x08004198   Number         0  daddsub_clz.o(x$fpl$dadd)
    _dadd1                                   0x080041a9   Thumb Code     0  daddsub_clz.o(x$fpl$dadd)
    x$fpl$dcmpinf                            0x080042e8   Section       24  dcmpi.o(x$fpl$dcmpinf)
    $v0                                      0x080042e8   Number         0  dcmpi.o(x$fpl$dcmpinf)
    x$fpl$ddiv                               0x08004300   Section      688  ddiv.o(x$fpl$ddiv)
    $v0                                      0x08004300   Number         0  ddiv.o(x$fpl$ddiv)
    ddiv_entry                               0x08004307   Thumb Code     0  ddiv.o(x$fpl$ddiv)
    x$fpl$deqf                               0x080045b0   Section      120  deqf.o(x$fpl$deqf)
    $v0                                      0x080045b0   Number         0  deqf.o(x$fpl$deqf)
    x$fpl$dflt                               0x08004628   Section       46  dflt_clz.o(x$fpl$dflt)
    $v0                                      0x08004628   Number         0  dflt_clz.o(x$fpl$dflt)
    x$fpl$dleqf                              0x08004658   Section      120  dleqf.o(x$fpl$dleqf)
    $v0                                      0x08004658   Number         0  dleqf.o(x$fpl$dleqf)
    x$fpl$dmul                               0x080046d0   Section      340  dmul.o(x$fpl$dmul)
    $v0                                      0x080046d0   Number         0  dmul.o(x$fpl$dmul)
    x$fpl$dnaninf                            0x08004824   Section      156  dnaninf.o(x$fpl$dnaninf)
    $v0                                      0x08004824   Number         0  dnaninf.o(x$fpl$dnaninf)
    x$fpl$dretinf                            0x080048c0   Section       12  dretinf.o(x$fpl$dretinf)
    $v0                                      0x080048c0   Number         0  dretinf.o(x$fpl$dretinf)
    x$fpl$drleqf                             0x080048cc   Section      108  drleqf.o(x$fpl$drleqf)
    $v0                                      0x080048cc   Number         0  drleqf.o(x$fpl$drleqf)
    x$fpl$dsub                               0x08004938   Section      468  daddsub_clz.o(x$fpl$dsub)
    $v0                                      0x08004938   Number         0  daddsub_clz.o(x$fpl$dsub)
    _dsub1                                   0x08004949   Thumb Code     0  daddsub_clz.o(x$fpl$dsub)
    x$fpl$f2d                                0x08004b0c   Section       86  f2d.o(x$fpl$f2d)
    $v0                                      0x08004b0c   Number         0  f2d.o(x$fpl$f2d)
    x$fpl$fnaninf                            0x08004b62   Section      140  fnaninf.o(x$fpl$fnaninf)
    $v0                                      0x08004b62   Number         0  fnaninf.o(x$fpl$fnaninf)
    x$fpl$fpinit                             0x08004bee   Section       10  fpinit.o(x$fpl$fpinit)
    $v0                                      0x08004bee   Number         0  fpinit.o(x$fpl$fpinit)
    x$fpl$fretinf                            0x08004bf8   Section       10  fretinf.o(x$fpl$fretinf)
    $v0                                      0x08004bf8   Number         0  fretinf.o(x$fpl$fretinf)
    .constdata                               0x08004c02   Section        8  stm32f4xx_hal_dma.o(.constdata)
    x$fpl$usenofp                            0x08004c02   Section        0  usenofp.o(x$fpl$usenofp)
    flagBitshiftOffset                       0x08004c02   Data           8  stm32f4xx_hal_dma.o(.constdata)
    .constdata                               0x08004c0a   Section       16  system_stm32f4xx.o(.constdata)
    .constdata                               0x08004c1a   Section        8  system_stm32f4xx.o(.constdata)
    .data                                    0x20000000   Section        8  komunikasi.o(.data)
    rxbuf                                    0x20000000   Data           3  komunikasi.o(.data)
    huart                                    0x20000004   Data           4  komunikasi.o(.data)
    .data                                    0x20000008   Section        8  huskylens_driver.o(.data)
    HUSKY_ADDR                               0x20000008   Data           1  huskylens_driver.o(.data)
    hi2c                                     0x2000000c   Data           4  huskylens_driver.o(.data)
    .data                                    0x20000010   Section        4  dynamixel.o(.data)
    huart                                    0x20000010   Data           4  dynamixel.o(.data)
    .data                                    0x20000018   Section      112  main.o(.data)
    .data                                    0x20000088   Section       12  stm32f4xx_hal.o(.data)
    .data                                    0x20000094   Section        4  system_stm32f4xx.o(.data)
    .bss                                     0x20000098   Section       10  dynamixel.o(.bss)
    rx_buf                                   0x20000098   Data          10  dynamixel.o(.bss)
    .bss                                     0x200000a8   Section     1129  main.o(.bss)
    .bss                                     0x20000514   Section       96  main.o(.bss)
    .bss                                     0x20000574   Section       96  libspace.o(.bss)
    HEAP                                     0x200005d8   Section      512  startup_stm32f407xx.o(HEAP)
    Heap_Mem                                 0x200005d8   Data         512  startup_stm32f407xx.o(HEAP)
    STACK                                    0x200007d8   Section     1024  startup_stm32f407xx.o(STACK)
    Stack_Mem                                0x200007d8   Data        1024  startup_stm32f407xx.o(STACK)
    __initial_sp                             0x20000bd8   Data           0  startup_stm32f407xx.o(STACK)

    Global Symbols

    Symbol Name                              Value     Ov Type        Size  Object(Section)

    BuildAttributes$$THM_ISAv4$E$P$D$K$B$S$7EM$VFPi3$EXTD16$VFPS$VFMA$PE$A:L22UL41UL21$X:L11$S22US41US21$IEEE1$IW$USESV6$~STKCKD$USESV7$~SHL$OTIME$ROPI$IEEEX$EBA8$UX$STANDARDLIB$REQ8$PRES8$EABIv2 0x00000000   Number         0  anon$$obj.o ABSOLUTE
    __ARM_use_no_argv                        0x00000000   Number         0  main.o ABSOLUTE
    __ARM_exceptions_init                     - Undefined Weak Reference
    __alloca_initialize                       - Undefined Weak Reference
    __arm_fini_                               - Undefined Weak Reference
    __arm_preinit_                            - Undefined Weak Reference
    __cpp_initialize__aeabi_                  - Undefined Weak Reference
    __cxa_finalize                            - Undefined Weak Reference
    __rt_locale                               - Undefined Weak Reference
    __sigvec_lookup                           - Undefined Weak Reference
    _atexit_init                              - Undefined Weak Reference
    _call_atexit_fns                          - Undefined Weak Reference
    _clock_init                               - Undefined Weak Reference
    _fp_trap_init                             - Undefined Weak Reference
    _fp_trap_shutdown                         - Undefined Weak Reference
    _get_lc_collate                           - Undefined Weak Reference
    _get_lc_ctype                             - Undefined Weak Reference
    _get_lc_monetary                          - Undefined Weak Reference
    _get_lc_numeric                           - Undefined Weak Reference
    _get_lc_time                              - Undefined Weak Reference
    _getenv_init                              - Undefined Weak Reference
    _handle_redirection                       - Undefined Weak Reference
    _init_alloc                               - Undefined Weak Reference
    _init_user_alloc                          - Undefined Weak Reference
    _initio                                   - Undefined Weak Reference
    _rand_init                                - Undefined Weak Reference
    _signal_finish                            - Undefined Weak Reference
    _signal_init                              - Undefined Weak Reference
    _terminate_alloc                          - Undefined Weak Reference
    _terminate_user_alloc                     - Undefined Weak Reference
    _terminateio                              - Undefined Weak Reference
    __Vectors_Size                           0x00000188   Number         0  startup_stm32f407xx.o ABSOLUTE
    __Vectors                                0x08000000   Data           4  startup_stm32f407xx.o(RESET)
    __Vectors_End                            0x08000188   Data           0  startup_stm32f407xx.o(RESET)
    __main                                   0x08000189   Thumb Code     8  __main.o(!!!main)
    __scatterload                            0x08000191   Thumb Code     0  __scatter.o(!!!scatter)
    __scatterload_rt2                        0x08000191   Thumb Code    44  __scatter.o(!!!scatter)
    __scatterload_rt2_thumb_only             0x08000191   Thumb Code     0  __scatter.o(!!!scatter)
    __scatterload_null                       0x0800019f   Thumb Code     0  __scatter.o(!!!scatter)
    __scatterload_copy                       0x080001c5   Thumb Code    26  __scatter_copy.o(!!handler_copy)
    __scatterload_zeroinit                   0x080001e1   Thumb Code    28  __scatter_zi.o(!!handler_zi)
    __rt_lib_init                            0x080001fd   Thumb Code     0  libinit.o(.ARM.Collect$$libinit$$00000000)
    __rt_lib_init_fp_1                       0x080001ff   Thumb Code     0  libinit2.o(.ARM.Collect$$libinit$$00000001)
    __rt_lib_init_alloca_1                   0x08000203   Thumb Code     0  libinit2.o(.ARM.Collect$$libinit$$0000002E)
    __rt_lib_init_argv_1                     0x08000203   Thumb Code     0  libinit2.o(.ARM.Collect$$libinit$$0000002C)
    __rt_lib_init_atexit_1                   0x08000203   Thumb Code     0  libinit2.o(.ARM.Collect$$libinit$$0000001B)
    __rt_lib_init_clock_1                    0x08000203   Thumb Code     0  libinit2.o(.ARM.Collect$$libinit$$00000021)
    __rt_lib_init_cpp_1                      0x08000203   Thumb Code     0  libinit2.o(.ARM.Collect$$libinit$$00000032)
    __rt_lib_init_exceptions_1               0x08000203   Thumb Code     0  libinit2.o(.ARM.Collect$$libinit$$00000030)
    __rt_lib_init_fp_trap_1                  0x08000203   Thumb Code     0  libinit2.o(.ARM.Collect$$libinit$$0000001F)
    __rt_lib_init_getenv_1                   0x08000203   Thumb Code     0  libinit2.o(.ARM.Collect$$libinit$$00000023)
    __rt_lib_init_heap_1                     0x08000203   Thumb Code     0  libinit2.o(.ARM.Collect$$libinit$$0000000A)
    __rt_lib_init_lc_collate_1               0x08000203   Thumb Code     0  libinit2.o(.ARM.Collect$$libinit$$00000011)
    __rt_lib_init_lc_ctype_1                 0x08000203   Thumb Code     0  libinit2.o(.ARM.Collect$$libinit$$00000013)
    __rt_lib_init_lc_monetary_1              0x08000203   Thumb Code     0  libinit2.o(.ARM.Collect$$libinit$$00000015)
    __rt_lib_init_lc_numeric_1               0x08000203   Thumb Code     0  libinit2.o(.ARM.Collect$$libinit$$00000017)
    __rt_lib_init_lc_time_1                  0x08000203   Thumb Code     0  libinit2.o(.ARM.Collect$$libinit$$00000019)
    __rt_lib_init_preinit_1                  0x08000203   Thumb Code     0  libinit2.o(.ARM.Collect$$libinit$$00000004)
    __rt_lib_init_rand_1                     0x08000203   Thumb Code     0  libinit2.o(.ARM.Collect$$libinit$$0000000E)
    __rt_lib_init_return                     0x08000203   Thumb Code     0  libinit2.o(.ARM.Collect$$libinit$$00000033)
    __rt_lib_init_signal_1                   0x08000203   Thumb Code     0  libinit2.o(.ARM.Collect$$libinit$$0000001D)
    __rt_lib_init_stdio_1                    0x08000203   Thumb Code     0  libinit2.o(.ARM.Collect$$libinit$$00000025)
    __rt_lib_init_user_alloc_1               0x08000203   Thumb Code     0  libinit2.o(.ARM.Collect$$libinit$$0000000C)
    __rt_lib_shutdown                        0x08000205   Thumb Code     0  libshutdown.o(.ARM.Collect$$libshutdown$$00000000)
    __rt_lib_shutdown_cpp_1                  0x08000207   Thumb Code     0  libshutdown2.o(.ARM.Collect$$libshutdown$$00000004)
    __rt_lib_shutdown_fini_1                 0x08000207   Thumb Code     0  libshutdown2.o(.ARM.Collect$$libshutdown$$00000002)
    __rt_lib_shutdown_fp_trap_1              0x08000207   Thumb Code     0  libshutdown2.o(.ARM.Collect$$libshutdown$$00000009)
    __rt_lib_shutdown_heap_1                 0x08000207   Thumb Code     0  libshutdown2.o(.ARM.Collect$$libshutdown$$00000011)
    __rt_lib_shutdown_return                 0x08000207   Thumb Code     0  libshutdown2.o(.ARM.Collect$$libshutdown$$00000012)
    __rt_lib_shutdown_signal_1               0x08000207   Thumb Code     0  libshutdown2.o(.ARM.Collect$$libshutdown$$0000000C)
    __rt_lib_shutdown_stdio_1                0x08000207   Thumb Code     0  libshutdown2.o(.ARM.Collect$$libshutdown$$00000006)
    __rt_lib_shutdown_user_alloc_1           0x08000207   Thumb Code     0  libshutdown2.o(.ARM.Collect$$libshutdown$$0000000E)
    __rt_entry                               0x08000209   Thumb Code     0  __rtentry.o(.ARM.Collect$$rtentry$$00000000)
    __rt_entry_presh_1                       0x08000209   Thumb Code     0  __rtentry2.o(.ARM.Collect$$rtentry$$00000002)
    __rt_entry_sh                            0x08000209   Thumb Code     0  __rtentry4.o(.ARM.Collect$$rtentry$$00000004)
    __rt_entry_li                            0x0800020f   Thumb Code     0  __rtentry2.o(.ARM.Collect$$rtentry$$0000000A)
    __rt_entry_postsh_1                      0x0800020f   Thumb Code     0  __rtentry2.o(.ARM.Collect$$rtentry$$00000009)
    __rt_entry_main                          0x08000213   Thumb Code     0  __rtentry2.o(.ARM.Collect$$rtentry$$0000000D)
    __rt_entry_postli_1                      0x08000213   Thumb Code     0  __rtentry2.o(.ARM.Collect$$rtentry$$0000000C)
    __rt_exit                                0x0800021b   Thumb Code     0  rtexit.o(.ARM.Collect$$rtexit$$00000000)
    __rt_exit_ls                             0x0800021d   Thumb Code     0  rtexit2.o(.ARM.Collect$$rtexit$$00000003)
    __rt_exit_prels_1                        0x0800021d   Thumb Code     0  rtexit2.o(.ARM.Collect$$rtexit$$00000002)
    __rt_exit_exit                           0x08000221   Thumb Code     0  rtexit2.o(.ARM.Collect$$rtexit$$00000004)
    Reset_Handler                            0x08000229   Thumb Code     8  startup_stm32f407xx.o(.text)
    ADC_IRQHandler                           0x08000243   Thumb Code     0  startup_stm32f407xx.o(.text)
    CAN1_RX0_IRQHandler                      0x08000243   Thumb Code     0  startup_stm32f407xx.o(.text)
    CAN1_RX1_IRQHandler                      0x08000243   Thumb Code     0  startup_stm32f407xx.o(.text)
    CAN1_SCE_IRQHandler                      0x08000243   Thumb Code     0  startup_stm32f407xx.o(.text)
    CAN1_TX_IRQHandler                       0x08000243   Thumb Code     0  startup_stm32f407xx.o(.text)
    CAN2_RX0_IRQHandler                      0x08000243   Thumb Code     0  startup_stm32f407xx.o(.text)
    CAN2_RX1_IRQHandler                      0x08000243   Thumb Code     0  startup_stm32f407xx.o(.text)
    CAN2_SCE_IRQHandler                      0x08000243   Thumb Code     0  startup_stm32f407xx.o(.text)
    CAN2_TX_IRQHandler                       0x08000243   Thumb Code     0  startup_stm32f407xx.o(.text)
    DCMI_IRQHandler                          0x08000243   Thumb Code     0  startup_stm32f407xx.o(.text)
    DMA1_Stream0_IRQHandler                  0x08000243   Thumb Code     0  startup_stm32f407xx.o(.text)
    DMA1_Stream1_IRQHandler                  0x08000243   Thumb Code     0  startup_stm32f407xx.o(.text)
    DMA1_Stream2_IRQHandler                  0x08000243   Thumb Code     0  startup_stm32f407xx.o(.text)
    DMA1_Stream3_IRQHandler                  0x08000243   Thumb Code     0  startup_stm32f407xx.o(.text)
    DMA1_Stream4_IRQHandler                  0x08000243   Thumb Code     0  startup_stm32f407xx.o(.text)
    DMA1_Stream6_IRQHandler                  0x08000243   Thumb Code     0  startup_stm32f407xx.o(.text)
    DMA1_Stream7_IRQHandler                  0x08000243   Thumb Code     0  startup_stm32f407xx.o(.text)
    DMA2_Stream0_IRQHandler                  0x08000243   Thumb Code     0  startup_stm32f407xx.o(.text)
    DMA2_Stream1_IRQHandler                  0x08000243   Thumb Code     0  startup_stm32f407xx.o(.text)
    DMA2_Stream2_IRQHandler                  0x08000243   Thumb Code     0  startup_stm32f407xx.o(.text)
    DMA2_Stream3_IRQHandler                  0x08000243   Thumb Code     0  startup_stm32f407xx.o(.text)
    DMA2_Stream4_IRQHandler                  0x08000243   Thumb Code     0  startup_stm32f407xx.o(.text)
    DMA2_Stream5_IRQHandler                  0x08000243   Thumb Code     0  startup_stm32f407xx.o(.text)
    DMA2_Stream6_IRQHandler                  0x08000243   Thumb Code     0  startup_stm32f407xx.o(.text)
    DMA2_Stream7_IRQHandler                  0x08000243   Thumb Code     0  startup_stm32f407xx.o(.text)
    ETH_IRQHandler                           0x08000243   Thumb Code     0  startup_stm32f407xx.o(.text)
    ETH_WKUP_IRQHandler                      0x08000243   Thumb Code     0  startup_stm32f407xx.o(.text)
    EXTI0_IRQHandler                         0x08000243   Thumb Code     0  startup_stm32f407xx.o(.text)
    EXTI15_10_IRQHandler                     0x08000243   Thumb Code     0  startup_stm32f407xx.o(.text)
    EXTI1_IRQHandler                         0x08000243   Thumb Code     0  startup_stm32f407xx.o(.text)
    EXTI2_IRQHandler                         0x08000243   Thumb Code     0  startup_stm32f407xx.o(.text)
    EXTI3_IRQHandler                         0x08000243   Thumb Code     0  startup_stm32f407xx.o(.text)
    EXTI4_IRQHandler                         0x08000243   Thumb Code     0  startup_stm32f407xx.o(.text)
    EXTI9_5_IRQHandler                       0x08000243   Thumb Code     0  startup_stm32f407xx.o(.text)
    FLASH_IRQHandler                         0x08000243   Thumb Code     0  startup_stm32f407xx.o(.text)
    FMC_IRQHandler                           0x08000243   Thumb Code     0  startup_stm32f407xx.o(.text)
    FPU_IRQHandler                           0x08000243   Thumb Code     0  startup_stm32f407xx.o(.text)
    HASH_RNG_IRQHandler                      0x08000243   Thumb Code     0  startup_stm32f407xx.o(.text)
    I2C1_ER_IRQHandler                       0x08000243   Thumb Code     0  startup_stm32f407xx.o(.text)
    I2C1_EV_IRQHandler                       0x08000243   Thumb Code     0  startup_stm32f407xx.o(.text)
    I2C2_ER_IRQHandler                       0x08000243   Thumb Code     0  startup_stm32f407xx.o(.text)
    I2C2_EV_IRQHandler                       0x08000243   Thumb Code     0  startup_stm32f407xx.o(.text)
    I2C3_ER_IRQHandler                       0x08000243   Thumb Code     0  startup_stm32f407xx.o(.text)
    I2C3_EV_IRQHandler                       0x08000243   Thumb Code     0  startup_stm32f407xx.o(.text)
    OTG_FS_IRQHandler                        0x08000243   Thumb Code     0  startup_stm32f407xx.o(.text)
    OTG_FS_WKUP_IRQHandler                   0x08000243   Thumb Code     0  startup_stm32f407xx.o(.text)
    OTG_HS_EP1_IN_IRQHandler                 0x08000243   Thumb Code     0  startup_stm32f407xx.o(.text)
    OTG_HS_EP1_OUT_IRQHandler                0x08000243   Thumb Code     0  startup_stm32f407xx.o(.text)
    OTG_HS_IRQHandler                        0x08000243   Thumb Code     0  startup_stm32f407xx.o(.text)
    OTG_HS_WKUP_IRQHandler                   0x08000243   Thumb Code     0  startup_stm32f407xx.o(.text)
    PVD_IRQHandler                           0x08000243   Thumb Code     0  startup_stm32f407xx.o(.text)
    RCC_IRQHandler                           0x08000243   Thumb Code     0  startup_stm32f407xx.o(.text)
    RTC_Alarm_IRQHandler                     0x08000243   Thumb Code     0  startup_stm32f407xx.o(.text)
    RTC_WKUP_IRQHandler                      0x08000243   Thumb Code     0  startup_stm32f407xx.o(.text)
    SDIO_IRQHandler                          0x08000243   Thumb Code     0  startup_stm32f407xx.o(.text)
    SPI1_IRQHandler                          0x08000243   Thumb Code     0  startup_stm32f407xx.o(.text)
    SPI2_IRQHandler                          0x08000243   Thumb Code     0  startup_stm32f407xx.o(.text)
    SPI3_IRQHandler                          0x08000243   Thumb Code     0  startup_stm32f407xx.o(.text)
    TAMP_STAMP_IRQHandler                    0x08000243   Thumb Code     0  startup_stm32f407xx.o(.text)
    TIM1_BRK_TIM9_IRQHandler                 0x08000243   Thumb Code     0  startup_stm32f407xx.o(.text)
    TIM1_CC_IRQHandler                       0x08000243   Thumb Code     0  startup_stm32f407xx.o(.text)
    TIM1_TRG_COM_TIM11_IRQHandler            0x08000243   Thumb Code     0  startup_stm32f407xx.o(.text)
    TIM1_UP_TIM10_IRQHandler                 0x08000243   Thumb Code     0  startup_stm32f407xx.o(.text)
    TIM2_IRQHandler                          0x08000243   Thumb Code     0  startup_stm32f407xx.o(.text)
    TIM3_IRQHandler                          0x08000243   Thumb Code     0  startup_stm32f407xx.o(.text)
    TIM4_IRQHandler                          0x08000243   Thumb Code     0  startup_stm32f407xx.o(.text)
    TIM5_IRQHandler                          0x08000243   Thumb Code     0  startup_stm32f407xx.o(.text)
    TIM6_DAC_IRQHandler                      0x08000243   Thumb Code     0  startup_stm32f407xx.o(.text)
    TIM7_IRQHandler                          0x08000243   Thumb Code     0  startup_stm32f407xx.o(.text)
    TIM8_BRK_TIM12_IRQHandler                0x08000243   Thumb Code     0  startup_stm32f407xx.o(.text)
    TIM8_CC_IRQHandler                       0x08000243   Thumb Code     0  startup_stm32f407xx.o(.text)
    TIM8_TRG_COM_TIM14_IRQHandler            0x08000243   Thumb Code     0  startup_stm32f407xx.o(.text)
    TIM8_UP_TIM13_IRQHandler                 0x08000243   Thumb Code     0  startup_stm32f407xx.o(.text)
    UART4_IRQHandler                         0x08000243   Thumb Code     0  startup_stm32f407xx.o(.text)
    UART5_IRQHandler                         0x08000243   Thumb Code     0  startup_stm32f407xx.o(.text)
    USART1_IRQHandler                        0x08000243   Thumb Code     0  startup_stm32f407xx.o(.text)
    USART3_IRQHandler                        0x08000243   Thumb Code     0  startup_stm32f407xx.o(.text)
    USART6_IRQHandler                        0x08000243   Thumb Code     0  startup_stm32f407xx.o(.text)
    WWDG_IRQHandler                          0x08000243   Thumb Code     0  startup_stm32f407xx.o(.text)
    __user_initial_stackheap                 0x08000245   Thumb Code     0  startup_stm32f407xx.o(.text)
    __aeabi_uldivmod                         0x08000269   Thumb Code     0  lludivv7m.o(.text)
    _ll_udiv                                 0x08000269   Thumb Code   238  lludivv7m.o(.text)
    __aeabi_memcpy                           0x08000357   Thumb Code     0  rt_memcpy_v6.o(.text)
    __rt_memcpy                              0x08000357   Thumb Code   138  rt_memcpy_v6.o(.text)
    _memcpy_lastbytes                        0x080003bd   Thumb Code     0  rt_memcpy_v6.o(.text)
    __aeabi_memcpy4                          0x080003e1   Thumb Code     0  rt_memcpy_w.o(.text)
    __aeabi_memcpy8                          0x080003e1   Thumb Code     0  rt_memcpy_w.o(.text)
    __rt_memcpy_w                            0x080003e1   Thumb Code   100  rt_memcpy_w.o(.text)
    _memcpy_lastbytes_aligned                0x08000429   Thumb Code     0  rt_memcpy_w.o(.text)
    __aeabi_memclr4                          0x08000445   Thumb Code     0  rt_memclr_w.o(.text)
    __aeabi_memclr8                          0x08000445   Thumb Code     0  rt_memclr_w.o(.text)
    __rt_memclr_w                            0x08000445   Thumb Code    78  rt_memclr_w.o(.text)
    _memset_w                                0x08000449   Thumb Code     0  rt_memclr_w.o(.text)
    __use_two_region_memory                  0x08000493   Thumb Code     2  heapauxi.o(.text)
    __rt_heap_escrow$2region                 0x08000495   Thumb Code     2  heapauxi.o(.text)
    __rt_heap_expand$2region                 0x08000497   Thumb Code     2  heapauxi.o(.text)
    __user_setup_stackheap                   0x08000499   Thumb Code    74  sys_stackheap_outer.o(.text)
    exit                                     0x080004e3   Thumb Code    18  exit.o(.text)
    __user_libspace                          0x080004f5   Thumb Code     8  libspace.o(.text)
    __user_perproc_libspace                  0x080004f5   Thumb Code     0  libspace.o(.text)
    __user_perthread_libspace                0x080004f5   Thumb Code     0  libspace.o(.text)
    _sys_exit                                0x080004fd   Thumb Code     8  sys_exit.o(.text)
    __I$use$semihosting                      0x08000509   Thumb Code     0  use_no_semi.o(.text)
    __use_no_semihosting_swi                 0x08000509   Thumb Code     2  use_no_semi.o(.text)
    BusFault_Handler                         0x0800050b   Thumb Code     2  stm32f4xx_it.o(i.BusFault_Handler)
    __semihosting_library_function           0x0800050b   Thumb Code     0  indicate_semi.o(.text)
    DMA1_Stream5_IRQHandler                  0x0800050d   Thumb Code     6  stm32f4xx_it.o(i.DMA1_Stream5_IRQHandler)
    DWT_Delay_Init                           0x080005bd   Thumb Code    58  dwt_delay.o(i.DWT_Delay_Init)
    DebugMon_Handler                         0x0800062d   Thumb Code     2  stm32f4xx_it.o(i.DebugMon_Handler)
    Error_Handler                            0x0800062f   Thumb Code     4  main.o(i.Error_Handler)
    HAL_DMA_Abort                            0x08000633   Thumb Code   146  stm32f4xx_hal_dma.o(i.HAL_DMA_Abort)
    HAL_DMA_Abort_IT                         0x080006c5   Thumb Code    36  stm32f4xx_hal_dma.o(i.HAL_DMA_Abort_IT)
    HAL_DMA_IRQHandler                       0x080006e9   Thumb Code   412  stm32f4xx_hal_dma.o(i.HAL_DMA_IRQHandler)
    HAL_DMA_Init                             0x08000889   Thumb Code   206  stm32f4xx_hal_dma.o(i.HAL_DMA_Init)
    HAL_DMA_Start_IT                         0x0800095d   Thumb Code   110  stm32f4xx_hal_dma.o(i.HAL_DMA_Start_IT)
    HAL_Delay                                0x080009cd   Thumb Code    32  stm32f4xx_hal.o(i.HAL_Delay)
    HAL_GPIO_Init                            0x080009f1   Thumb Code   450  stm32f4xx_hal_gpio.o(i.HAL_GPIO_Init)
    HAL_GPIO_ReadPin                         0x08000be1   Thumb Code    10  stm32f4xx_hal_gpio.o(i.HAL_GPIO_ReadPin)
    HAL_GPIO_TogglePin                       0x08000beb   Thumb Code    16  stm32f4xx_hal_gpio.o(i.HAL_GPIO_TogglePin)
    HAL_GPIO_WritePin                        0x08000bfb   Thumb Code    10  stm32f4xx_hal_gpio.o(i.HAL_GPIO_WritePin)
    HAL_GetTick                              0x08000c05   Thumb Code     6  stm32f4xx_hal.o(i.HAL_GetTick)
    HAL_HalfDuplex_EnableReceiver            0x08000c11   Thumb Code    50  stm32f4xx_hal_uart.o(i.HAL_HalfDuplex_EnableReceiver)
    HAL_HalfDuplex_EnableTransmitter         0x08000c43   Thumb Code    50  stm32f4xx_hal_uart.o(i.HAL_HalfDuplex_EnableTransmitter)
    HAL_HalfDuplex_Init                      0x08000c75   Thumb Code   108  stm32f4xx_hal_uart.o(i.HAL_HalfDuplex_Init)
    HAL_I2C_Init                             0x08000ce1   Thumb Code   376  stm32f4xx_hal_i2c.o(i.HAL_I2C_Init)
    HAL_I2C_Master_Receive                   0x08000e69   Thumb Code   468  stm32f4xx_hal_i2c.o(i.HAL_I2C_Master_Receive)
    HAL_I2C_Master_Transmit                  0x08001049   Thumb Code   290  stm32f4xx_hal_i2c.o(i.HAL_I2C_Master_Transmit)
    HAL_I2C_MspInit                          0x08001175   Thumb Code   208  stm32f4xx_hal_msp.o(i.HAL_I2C_MspInit)
    HAL_IncTick                              0x0800125d   Thumb Code    12  stm32f4xx_hal.o(i.HAL_IncTick)
    HAL_Init                                 0x0800126d   Thumb Code    48  stm32f4xx_hal.o(i.HAL_Init)
    HAL_InitTick                             0x080012a1   Thumb Code    54  stm32f4xx_hal.o(i.HAL_InitTick)
    HAL_MspInit                              0x080012e1   Thumb Code    42  stm32f4xx_hal_msp.o(i.HAL_MspInit)
    HAL_NVIC_EnableIRQ                       0x08001311   Thumb Code    26  stm32f4xx_hal_cortex.o(i.HAL_NVIC_EnableIRQ)
    HAL_NVIC_SetPriority                     0x0800132d   Thumb Code    60  stm32f4xx_hal_cortex.o(i.HAL_NVIC_SetPriority)
    HAL_NVIC_SetPriorityGrouping             0x0800136d   Thumb Code    26  stm32f4xx_hal_cortex.o(i.HAL_NVIC_SetPriorityGrouping)
    HAL_RCC_ClockConfig                      0x08001391   Thumb Code   288  stm32f4xx_hal_rcc.o(i.HAL_RCC_ClockConfig)
    HAL_RCC_GetHCLKFreq                      0x080014c5   Thumb Code     6  stm32f4xx_hal_rcc.o(i.HAL_RCC_GetHCLKFreq)
    HAL_RCC_GetPCLK1Freq                     0x080014d1   Thumb Code    20  stm32f4xx_hal_rcc.o(i.HAL_RCC_GetPCLK1Freq)
    HAL_RCC_GetPCLK2Freq                     0x080014f1   Thumb Code    20  stm32f4xx_hal_rcc.o(i.HAL_RCC_GetPCLK2Freq)
    HAL_RCC_GetSysClockFreq                  0x08001511   Thumb Code    88  stm32f4xx_hal_rcc.o(i.HAL_RCC_GetSysClockFreq)
    HAL_RCC_OscConfig                        0x08001575   Thumb Code   856  stm32f4xx_hal_rcc.o(i.HAL_RCC_OscConfig)
    HAL_SYSTICK_Config                       0x080018e1   Thumb Code    40  stm32f4xx_hal_cortex.o(i.HAL_SYSTICK_Config)
    HAL_UARTEx_RxEventCallback               0x08001909   Thumb Code     2  stm32f4xx_hal_uart.o(i.HAL_UARTEx_RxEventCallback)
    HAL_UART_ErrorCallback                   0x0800190b   Thumb Code     2  stm32f4xx_hal_uart.o(i.HAL_UART_ErrorCallback)
    HAL_UART_IRQHandler                      0x0800190d   Thumb Code   610  stm32f4xx_hal_uart.o(i.HAL_UART_IRQHandler)
    HAL_UART_Init                            0x08001b75   Thumb Code    98  stm32f4xx_hal_uart.o(i.HAL_UART_Init)
    HAL_UART_MspInit                         0x08001bd9   Thumb Code   220  stm32f4xx_hal_msp.o(i.HAL_UART_MspInit)
    HAL_UART_Receive                         0x08001ccd   Thumb Code   192  stm32f4xx_hal_uart.o(i.HAL_UART_Receive)
    HAL_UART_Receive_DMA                     0x08001d8d   Thumb Code    42  stm32f4xx_hal_uart.o(i.HAL_UART_Receive_DMA)
    HAL_UART_RxCpltCallback                  0x08001db9   Thumb Code    26  main.o(i.HAL_UART_RxCpltCallback)
    HAL_UART_RxHalfCpltCallback              0x08001dd9   Thumb Code     2  stm32f4xx_hal_uart.o(i.HAL_UART_RxHalfCpltCallback)
    HAL_UART_Transmit                        0x08001ddd   Thumb Code   178  stm32f4xx_hal_uart.o(i.HAL_UART_Transmit)
    HAL_UART_TxCpltCallback                  0x08001e8f   Thumb Code     2  stm32f4xx_hal_uart.o(i.HAL_UART_TxCpltCallback)
    HardFault_Handler                        0x08001e91   Thumb Code     2  stm32f4xx_it.o(i.HardFault_Handler)
    Home_Identification                      0x08001e95   Thumb Code   252  main.o(i.Home_Identification)
    MemManage_Handler                        0x080023f5   Thumb Code     2  stm32f4xx_it.o(i.MemManage_Handler)
    NMI_Handler                              0x080023f7   Thumb Code     2  stm32f4xx_it.o(i.NMI_Handler)
    PIDController_Init                       0x080023f9   Thumb Code    26  pid_driver.o(i.PIDController_Init)
    PIDController_Update                     0x08002419   Thumb Code   384  pid_driver.o(i.PIDController_Update)
    PendSV_Handler                           0x080025a9   Thumb Code     2  stm32f4xx_it.o(i.PendSV_Handler)
    SVC_Handler                              0x080025ab   Thumb Code     2  stm32f4xx_it.o(i.SVC_Handler)
    SysTick_Handler                          0x080025ad   Thumb Code     4  stm32f4xx_it.o(i.SysTick_Handler)
    SystemClock_Config                       0x080025b1   Thumb Code   140  main.o(i.SystemClock_Config)
    SystemInit                               0x08002645   Thumb Code    12  system_stm32f4xx.o(i.SystemInit)
    UART_Start_Receive_DMA                   0x08002981   Thumb Code   134  stm32f4xx_hal_uart.o(i.UART_Start_Receive_DMA)
    USART2_IRQHandler                        0x08002a8d   Thumb Code     6  stm32f4xx_it.o(i.USART2_IRQHandler)
    UsageFault_Handler                       0x08002a99   Thumb Code     2  stm32f4xx_it.o(i.UsageFault_Handler)
    dyna_calibrate                           0x08002aef   Thumb Code    42  dynamixel.o(i.dyna_calibrate)
    dyna_endless_turn                        0x08002b19   Thumb Code    64  dynamixel.o(i.dyna_endless_turn)
    dyna_init                                0x08002b59   Thumb Code    10  dynamixel.o(i.dyna_init)
    dyna_read_posisition                     0x08002b69   Thumb Code    22  dynamixel.o(i.dyna_read_posisition)
    dyna_read_posisition_H                   0x08002b81   Thumb Code    88  dynamixel.o(i.dyna_read_posisition_H)
    dyna_read_posisition_L                   0x08002be9   Thumb Code    88  dynamixel.o(i.dyna_read_posisition_L)
    dyna_scan                                0x08002c51   Thumb Code    88  dynamixel.o(i.dyna_scan)
    dyna_set_goal_position                   0x08002ca9   Thumb Code    80  dynamixel.o(i.dyna_set_goal_position)
    dyna_set_limit_CCW                       0x08002d0d   Thumb Code    80  dynamixel.o(i.dyna_set_limit_CCW)
    dyna_set_limit_CW                        0x08002d71   Thumb Code    80  dynamixel.o(i.dyna_set_limit_CW)
    dyna_set_moving_speed                    0x08002dd5   Thumb Code    88  dynamixel.o(i.dyna_set_moving_speed)
    dyna_set_torque_enabler                  0x08002e41   Thumb Code    74  dynamixel.o(i.dyna_set_torque_enabler)
    fuzzy_set_membership_input               0x08002ea1   Thumb Code    14  fuzzy.o(i.fuzzy_set_membership_input)
    fuzzy_set_membership_output              0x08002eaf   Thumb Code    14  fuzzy.o(i.fuzzy_set_membership_output)
    husky_getAllArrowBlock                   0x08002ebd   Thumb Code    86  huskylens_driver.o(i.husky_getAllArrowBlock)
    husky_getBlocks                          0x08002f21   Thumb Code   154  huskylens_driver.o(i.husky_getBlocks)
    husky_setAlgorithm                       0x08002fc9   Thumb Code   124  huskylens_driver.o(i.husky_setAlgorithm)
    husky_setup                              0x08003051   Thumb Code   102  huskylens_driver.o(i.husky_setup)
    komunikasi_init                          0x080030c5   Thumb Code     6  komunikasi.o(i.komunikasi_init)
    main                                     0x080030d1   Thumb Code   960  main.o(i.main)
    pid_run                                  0x0800353d   Thumb Code   578  main.o(i.pid_run)
    ping_read                                0x08003799   Thumb Code   262  ping_driver.o(i.ping_read)
    rx_feedback                              0x080038b9   Thumb Code   102  komunikasi.o(i.rx_feedback)
    rx_start                                 0x08003925   Thumb Code    12  komunikasi.o(i.rx_start)
    scp_belok                                0x08003935   Thumb Code    60  main.o(i.scp_belok)
    scp_deteksi_korban                       0x08003971   Thumb Code   218  main.o(i.scp_deteksi_korban)
    scp_kepala_move                          0x08003a65   Thumb Code    98  main.o(i.scp_kepala_move)
    scp_korban_follower                      0x08003acd   Thumb Code   288  main.o(i.scp_korban_follower)
    scp_wall_follower                        0x08003c05   Thumb Code   860  main.o(i.scp_wall_follower)
    tx_move_jalan                            0x08003f91   Thumb Code   100  komunikasi.o(i.tx_move_jalan)
    tx_move_rotasi                           0x08004009   Thumb Code   112  komunikasi.o(i.tx_move_rotasi)
    tx_move_steady                           0x0800408d   Thumb Code    48  komunikasi.o(i.tx_move_steady)
    tx_statis                                0x080040d1   Thumb Code    78  komunikasi.o(i.tx_statis)
    __aeabi_d2f                              0x08004135   Thumb Code     0  d2f.o(x$fpl$d2f)
    _d2f                                     0x08004135   Thumb Code    98  d2f.o(x$fpl$d2f)
    __aeabi_dadd                             0x08004199   Thumb Code     0  daddsub_clz.o(x$fpl$dadd)
    _dadd                                    0x08004199   Thumb Code   332  daddsub_clz.o(x$fpl$dadd)
    __fpl_dcmp_Inf                           0x080042e9   Thumb Code    24  dcmpi.o(x$fpl$dcmpinf)
    __aeabi_ddiv                             0x08004301   Thumb Code     0  ddiv.o(x$fpl$ddiv)
    _ddiv                                    0x08004301   Thumb Code   552  ddiv.o(x$fpl$ddiv)
    __aeabi_cdcmpeq                          0x080045b1   Thumb Code     0  deqf.o(x$fpl$deqf)
    _dcmpeq                                  0x080045b1   Thumb Code   120  deqf.o(x$fpl$deqf)
    __aeabi_i2d                              0x08004629   Thumb Code     0  dflt_clz.o(x$fpl$dflt)
    _dflt                                    0x08004629   Thumb Code    46  dflt_clz.o(x$fpl$dflt)
    __aeabi_cdcmple                          0x08004659   Thumb Code     0  dleqf.o(x$fpl$dleqf)
    _dcmple                                  0x08004659   Thumb Code   120  dleqf.o(x$fpl$dleqf)
    __fpl_dcmple_InfNaN                      0x080046bb   Thumb Code     0  dleqf.o(x$fpl$dleqf)
    __aeabi_dmul                             0x080046d1   Thumb Code     0  dmul.o(x$fpl$dmul)
    _dmul                                    0x080046d1   Thumb Code   332  dmul.o(x$fpl$dmul)
    __fpl_dnaninf                            0x08004825   Thumb Code   156  dnaninf.o(x$fpl$dnaninf)
    __fpl_dretinf                            0x080048c1   Thumb Code    12  dretinf.o(x$fpl$dretinf)
    __aeabi_cdrcmple                         0x080048cd   Thumb Code     0  drleqf.o(x$fpl$drleqf)
    _drcmple                                 0x080048cd   Thumb Code   108  drleqf.o(x$fpl$drleqf)
    __aeabi_dsub                             0x08004939   Thumb Code     0  daddsub_clz.o(x$fpl$dsub)
    _dsub                                    0x08004939   Thumb Code   464  daddsub_clz.o(x$fpl$dsub)
    __aeabi_f2d                              0x08004b0d   Thumb Code     0  f2d.o(x$fpl$f2d)
    _f2d                                     0x08004b0d   Thumb Code    86  f2d.o(x$fpl$f2d)
    __fpl_fnaninf                            0x08004b63   Thumb Code   140  fnaninf.o(x$fpl$fnaninf)
    _fp_init                                 0x08004bef   Thumb Code    10  fpinit.o(x$fpl$fpinit)
    __fplib_config_fpu_vfp                   0x08004bf7   Thumb Code     0  fpinit.o(x$fpl$fpinit)
    __fplib_config_pureend_doubles           0x08004bf7   Thumb Code     0  fpinit.o(x$fpl$fpinit)
    __fpl_fretinf                            0x08004bf9   Thumb Code    10  fretinf.o(x$fpl$fretinf)
    __I$use$fp                               0x08004c02   Number         0  usenofp.o(x$fpl$usenofp)
    AHBPrescTable                            0x08004c0a   Data          16  system_stm32f4xx.o(.constdata)
    APBPrescTable                            0x08004c1a   Data           8  system_stm32f4xx.o(.constdata)
    Region$$Table$$Base                      0x08004c24   Number         0  anon$$obj.o(Region$$Table)
    Region$$Table$$Limit                     0x08004c44   Number         0  anon$$obj.o(Region$$Table)
    running_arena                            0x20000018   Data           1  main.o(.data)
    home_direction                           0x20000019   Data           1  main.o(.data)
    status                                   0x2000001a   Data           1  main.o(.data)
    algorithm_type                           0x2000001c   Data           2  main.o(.data)
    dyna_sudut                               0x2000001e   Data           2  main.o(.data)
    setpoint_pk                              0x20000020   Data           4  main.o(.data)
    setpoint_wf                              0x20000024   Data           4  main.o(.data)
    setpoint_wf_y                            0x20000028   Data           4  main.o(.data)
    setpoint_st                              0x2000002c   Data           4  main.o(.data)
    setpoint_kf                              0x20000030   Data           4  main.o(.data)
    kanan                                    0x20000038   Data           8  main.o(.data)
    kiri                                     0x20000040   Data           8  main.o(.data)
    depan                                    0x20000048   Data           8  main.o(.data)
    belakang                                 0x20000050   Data           8  main.o(.data)
    FRV                                      0x20000058   Data           8  main.o(.data)
    BRV                                      0x20000060   Data           8  main.o(.data)
    FLV                                      0x20000068   Data           8  main.o(.data)
    BLV                                      0x20000070   Data           8  main.o(.data)
    FFV                                      0x20000078   Data           8  main.o(.data)
    BBV                                      0x20000080   Data           8  main.o(.data)
    uwTickFreq                               0x20000088   Data           1  stm32f4xx_hal.o(.data)
    uwTickPrio                               0x2000008c   Data           4  stm32f4xx_hal.o(.data)
    uwTick                                   0x20000090   Data           4  stm32f4xx_hal.o(.data)
    SystemCoreClock                          0x20000094   Data           4  system_stm32f4xx.o(.data)
    hi2c2                                    0x200000a8   Data          84  main.o(.bss)
    hi2c3                                    0x200000fc   Data          84  main.o(.bss)
    huart4                                   0x20000150   Data          68  main.o(.bss)
    huart2                                   0x20000194   Data          68  main.o(.bss)
    huskAll                                  0x200001d8   Data          56  main.o(.bss)
    blocks                                   0x20000210   Data          66  main.o(.bss)
    FR                                       0x20000258   Data          40  main.o(.bss)
    BR                                       0x20000280   Data          40  main.o(.bss)
    FL                                       0x200002a8   Data          40  main.o(.bss)
    BL                                       0x200002d0   Data          40  main.o(.bss)
    FF                                       0x200002f8   Data          40  main.o(.bss)
    BB                                       0x20000320   Data          40  main.o(.bss)
    CP                                       0x20000348   Data          40  main.o(.bss)
    ax                                       0x20000370   Data          36  main.o(.bss)
    input_fuzzy                              0x20000398   Data          24  main.o(.bss)
    rotasi_input_fuzzy                       0x200003b0   Data          24  main.o(.bss)
    husky_input_fuzzy                        0x200003c8   Data          24  main.o(.bss)
    output_fuzzy                             0x200003e0   Data          24  main.o(.bss)
    rotasi_output_fuzzy                      0x200003f8   Data          24  main.o(.bss)
    husky_output_fuzzy                       0x20000410   Data          24  main.o(.bss)
    pid_pk                                   0x20000428   Data          56  main.o(.bss)
    pid_wf                                   0x20000460   Data          56  main.o(.bss)
    pid_st                                   0x20000498   Data          56  main.o(.bss)
    pid_kf                                   0x200004d0   Data          56  main.o(.bss)
    feeding                                  0x20000508   Data           9  main.o(.bss)
    hdma_usart2_rx                           0x20000514   Data          96  main.o(.bss)
    __libspace_start                         0x20000574   Data          96  libspace.o(.bss)
    __temporary_stack_top$libspace           0x200005d4   Data           0  libspace.o(.bss)



==============================================================================

Memory Map of the image

  Image Entry point : 0x08000189

  Load Region LR_IROM1 (Base: 0x08000000, Size: 0x00004cdc, Max: 0x00080000, ABSOLUTE)

    Execution Region ER_IROM1 (Exec base: 0x08000000, Load base: 0x08000000, Size: 0x00004c44, Max: 0x00080000, ABSOLUTE)

    Exec Addr    Load Addr    Size         Type   Attr      Idx    E Section Name        Object

    0x08000000   0x08000000   0x00000188   Data   RO            3    RESET               startup_stm32f407xx.o
    0x08000188   0x08000188   0x00000008   Code   RO         3088  * !!!main             c_w.l(__main.o)
    0x08000190   0x08000190   0x00000034   Code   RO         3336    !!!scatter          c_w.l(__scatter.o)
    0x080001c4   0x080001c4   0x0000001a   Code   RO         3338    !!handler_copy      c_w.l(__scatter_copy.o)
    0x080001de   0x080001de   0x00000002   PAD
    0x080001e0   0x080001e0   0x0000001c   Code   RO         3340    !!handler_zi        c_w.l(__scatter_zi.o)
    0x080001fc   0x080001fc   0x00000002   Code   RO         3204    .ARM.Collect$$libinit$$00000000  c_w.l(libinit.o)
    0x080001fe   0x080001fe   0x00000004   Code   RO         3216    .ARM.Collect$$libinit$$00000001  c_w.l(libinit2.o)
    0x08000202   0x08000202   0x00000000   Code   RO         3219    .ARM.Collect$$libinit$$00000004  c_w.l(libinit2.o)
    0x08000202   0x08000202   0x00000000   Code   RO         3222    .ARM.Collect$$libinit$$0000000A  c_w.l(libinit2.o)
    0x08000202   0x08000202   0x00000000   Code   RO         3224    .ARM.Collect$$libinit$$0000000C  c_w.l(libinit2.o)
    0x08000202   0x08000202   0x00000000   Code   RO         3226    .ARM.Collect$$libinit$$0000000E  c_w.l(libinit2.o)
    0x08000202   0x08000202   0x00000000   Code   RO         3229    .ARM.Collect$$libinit$$00000011  c_w.l(libinit2.o)
    0x08000202   0x08000202   0x00000000   Code   RO         3231    .ARM.Collect$$libinit$$00000013  c_w.l(libinit2.o)
    0x08000202   0x08000202   0x00000000   Code   RO         3233    .ARM.Collect$$libinit$$00000015  c_w.l(libinit2.o)
    0x08000202   0x08000202   0x00000000   Code   RO         3235    .ARM.Collect$$libinit$$00000017  c_w.l(libinit2.o)
    0x08000202   0x08000202   0x00000000   Code   RO         3237    .ARM.Collect$$libinit$$00000019  c_w.l(libinit2.o)
    0x08000202   0x08000202   0x00000000   Code   RO         3239    .ARM.Collect$$libinit$$0000001B  c_w.l(libinit2.o)
    0x08000202   0x08000202   0x00000000   Code   RO         3241    .ARM.Collect$$libinit$$0000001D  c_w.l(libinit2.o)
    0x08000202   0x08000202   0x00000000   Code   RO         3243    .ARM.Collect$$libinit$$0000001F  c_w.l(libinit2.o)
    0x08000202   0x08000202   0x00000000   Code   RO         3245    .ARM.Collect$$libinit$$00000021  c_w.l(libinit2.o)
    0x08000202   0x08000202   0x00000000   Code   RO         3247    .ARM.Collect$$libinit$$00000023  c_w.l(libinit2.o)
    0x08000202   0x08000202   0x00000000   Code   RO         3249    .ARM.Collect$$libinit$$00000025  c_w.l(libinit2.o)
    0x08000202   0x08000202   0x00000000   Code   RO         3253    .ARM.Collect$$libinit$$0000002C  c_w.l(libinit2.o)
    0x08000202   0x08000202   0x00000000   Code   RO         3255    .ARM.Collect$$libinit$$0000002E  c_w.l(libinit2.o)
    0x08000202   0x08000202   0x00000000   Code   RO         3257    .ARM.Collect$$libinit$$00000030  c_w.l(libinit2.o)
    0x08000202   0x08000202   0x00000000   Code   RO         3259    .ARM.Collect$$libinit$$00000032  c_w.l(libinit2.o)
    0x08000202   0x08000202   0x00000002   Code   RO         3260    .ARM.Collect$$libinit$$00000033  c_w.l(libinit2.o)
    0x08000204   0x08000204   0x00000002   Code   RO         3291    .ARM.Collect$$libshutdown$$00000000  c_w.l(libshutdown.o)
    0x08000206   0x08000206   0x00000000   Code   RO         3317    .ARM.Collect$$libshutdown$$00000002  c_w.l(libshutdown2.o)
    0x08000206   0x08000206   0x00000000   Code   RO         3319    .ARM.Collect$$libshutdown$$00000004  c_w.l(libshutdown2.o)
    0x08000206   0x08000206   0x00000000   Code   RO         3321    .ARM.Collect$$libshutdown$$00000006  c_w.l(libshutdown2.o)
    0x08000206   0x08000206   0x00000000   Code   RO         3324    .ARM.Collect$$libshutdown$$00000009  c_w.l(libshutdown2.o)
    0x08000206   0x08000206   0x00000000   Code   RO         3327    .ARM.Collect$$libshutdown$$0000000C  c_w.l(libshutdown2.o)
    0x08000206   0x08000206   0x00000000   Code   RO         3329    .ARM.Collect$$libshutdown$$0000000E  c_w.l(libshutdown2.o)
    0x08000206   0x08000206   0x00000000   Code   RO         3332    .ARM.Collect$$libshutdown$$00000011  c_w.l(libshutdown2.o)
    0x08000206   0x08000206   0x00000002   Code   RO         3333    .ARM.Collect$$libshutdown$$00000012  c_w.l(libshutdown2.o)
    0x08000208   0x08000208   0x00000000   Code   RO         3132    .ARM.Collect$$rtentry$$00000000  c_w.l(__rtentry.o)
    0x08000208   0x08000208   0x00000000   Code   RO         3175    .ARM.Collect$$rtentry$$00000002  c_w.l(__rtentry2.o)
    0x08000208   0x08000208   0x00000006   Code   RO         3187    .ARM.Collect$$rtentry$$00000004  c_w.l(__rtentry4.o)
    0x0800020e   0x0800020e   0x00000000   Code   RO         3177    .ARM.Collect$$rtentry$$00000009  c_w.l(__rtentry2.o)
    0x0800020e   0x0800020e   0x00000004   Code   RO         3178    .ARM.Collect$$rtentry$$0000000A  c_w.l(__rtentry2.o)
    0x08000212   0x08000212   0x00000000   Code   RO         3180    .ARM.Collect$$rtentry$$0000000C  c_w.l(__rtentry2.o)
    0x08000212   0x08000212   0x00000008   Code   RO         3181    .ARM.Collect$$rtentry$$0000000D  c_w.l(__rtentry2.o)
    0x0800021a   0x0800021a   0x00000002   Code   RO         3208    .ARM.Collect$$rtexit$$00000000  c_w.l(rtexit.o)
    0x0800021c   0x0800021c   0x00000000   Code   RO         3264    .ARM.Collect$$rtexit$$00000002  c_w.l(rtexit2.o)
    0x0800021c   0x0800021c   0x00000004   Code   RO         3265    .ARM.Collect$$rtexit$$00000003  c_w.l(rtexit2.o)
    0x08000220   0x08000220   0x00000006   Code   RO         3266    .ARM.Collect$$rtexit$$00000004  c_w.l(rtexit2.o)
    0x08000226   0x08000226   0x00000002   PAD
    0x08000228   0x08000228   0x00000040   Code   RO            4    .text               startup_stm32f407xx.o
    0x08000268   0x08000268   0x000000ee   Code   RO         3078    .text               c_w.l(lludivv7m.o)
    0x08000356   0x08000356   0x0000008a   Code   RO         3080    .text               c_w.l(rt_memcpy_v6.o)
    0x080003e0   0x080003e0   0x00000064   Code   RO         3082    .text               c_w.l(rt_memcpy_w.o)
    0x08000444   0x08000444   0x0000004e   Code   RO         3084    .text               c_w.l(rt_memclr_w.o)
    0x08000492   0x08000492   0x00000006   Code   RO         3086    .text               c_w.l(heapauxi.o)
    0x08000498   0x08000498   0x0000004a   Code   RO         3191    .text               c_w.l(sys_stackheap_outer.o)
    0x080004e2   0x080004e2   0x00000012   Code   RO         3193    .text               c_w.l(exit.o)
    0x080004f4   0x080004f4   0x00000008   Code   RO         3205    .text               c_w.l(libspace.o)
    0x080004fc   0x080004fc   0x0000000c   Code   RO         3261    .text               c_w.l(sys_exit.o)
    0x08000508   0x08000508   0x00000002   Code   RO         3280    .text               c_w.l(use_no_semi.o)
    0x0800050a   0x0800050a   0x00000000   Code   RO         3282    .text               c_w.l(indicate_semi.o)
    0x0800050a   0x0800050a   0x00000002   Code   RO          908    i.BusFault_Handler  stm32f4xx_it.o
    0x0800050c   0x0800050c   0x0000000c   Code   RO          909    i.DMA1_Stream5_IRQHandler  stm32f4xx_it.o
    0x08000518   0x08000518   0x00000028   Code   RO         1975    i.DMA_CalcBaseAndBitshift  stm32f4xx_hal_dma.o
    0x08000540   0x08000540   0x00000054   Code   RO         1976    i.DMA_CheckFifoParam  stm32f4xx_hal_dma.o
    0x08000594   0x08000594   0x00000028   Code   RO         1977    i.DMA_SetConfig     stm32f4xx_hal_dma.o
    0x080005bc   0x080005bc   0x00000044   Code   RO           13    i.DWT_Delay_Init    dwt_delay.o
    0x08000600   0x08000600   0x0000002c   Code   RO          304    i.DWT_Delay_us      ping_driver.o
    0x0800062c   0x0800062c   0x00000002   Code   RO          910    i.DebugMon_Handler  stm32f4xx_it.o
    0x0800062e   0x0800062e   0x00000004   Code   RO          662    i.Error_Handler     main.o
    0x08000632   0x08000632   0x00000092   Code   RO         1978    i.HAL_DMA_Abort     stm32f4xx_hal_dma.o
    0x080006c4   0x080006c4   0x00000024   Code   RO         1979    i.HAL_DMA_Abort_IT  stm32f4xx_hal_dma.o
    0x080006e8   0x080006e8   0x000001a0   Code   RO         1983    i.HAL_DMA_IRQHandler  stm32f4xx_hal_dma.o
    0x08000888   0x08000888   0x000000d4   Code   RO         1984    i.HAL_DMA_Init      stm32f4xx_hal_dma.o
    0x0800095c   0x0800095c   0x0000006e   Code   RO         1988    i.HAL_DMA_Start_IT  stm32f4xx_hal_dma.o
    0x080009ca   0x080009ca   0x00000002   PAD
    0x080009cc   0x080009cc   0x00000024   Code   RO         2397    i.HAL_Delay         stm32f4xx_hal.o
    0x080009f0   0x080009f0   0x000001f0   Code   RO         1871    i.HAL_GPIO_Init     stm32f4xx_hal_gpio.o
    0x08000be0   0x08000be0   0x0000000a   Code   RO         1873    i.HAL_GPIO_ReadPin  stm32f4xx_hal_gpio.o
    0x08000bea   0x08000bea   0x00000010   Code   RO         1874    i.HAL_GPIO_TogglePin  stm32f4xx_hal_gpio.o
    0x08000bfa   0x08000bfa   0x0000000a   Code   RO         1875    i.HAL_GPIO_WritePin  stm32f4xx_hal_gpio.o
    0x08000c04   0x08000c04   0x0000000c   Code   RO         2403    i.HAL_GetTick       stm32f4xx_hal.o
    0x08000c10   0x08000c10   0x00000032   Code   RO         2684    i.HAL_HalfDuplex_EnableReceiver  stm32f4xx_hal_uart.o
    0x08000c42   0x08000c42   0x00000032   Code   RO         2685    i.HAL_HalfDuplex_EnableTransmitter  stm32f4xx_hal_uart.o
    0x08000c74   0x08000c74   0x0000006c   Code   RO         2686    i.HAL_HalfDuplex_Init  stm32f4xx_hal_uart.o
    0x08000ce0   0x08000ce0   0x00000188   Code   RO         1077    i.HAL_I2C_Init      stm32f4xx_hal_i2c.o
    0x08000e68   0x08000e68   0x000001e0   Code   RO         1083    i.HAL_I2C_Master_Receive  stm32f4xx_hal_i2c.o
    0x08001048   0x08001048   0x0000012c   Code   RO         1090    i.HAL_I2C_Master_Transmit  stm32f4xx_hal_i2c.o
    0x08001174   0x08001174   0x000000e8   Code   RO          997    i.HAL_I2C_MspInit   stm32f4xx_hal_msp.o
    0x0800125c   0x0800125c   0x00000010   Code   RO         2409    i.HAL_IncTick       stm32f4xx_hal.o
    0x0800126c   0x0800126c   0x00000034   Code   RO         2410    i.HAL_Init          stm32f4xx_hal.o
    0x080012a0   0x080012a0   0x00000040   Code   RO         2411    i.HAL_InitTick      stm32f4xx_hal.o
    0x080012e0   0x080012e0   0x00000030   Code   RO          998    i.HAL_MspInit       stm32f4xx_hal_msp.o
    0x08001310   0x08001310   0x0000001a   Code   RO         2260    i.HAL_NVIC_EnableIRQ  stm32f4xx_hal_cortex.o
    0x0800132a   0x0800132a   0x00000002   PAD
    0x0800132c   0x0800132c   0x00000040   Code   RO         2266    i.HAL_NVIC_SetPriority  stm32f4xx_hal_cortex.o
    0x0800136c   0x0800136c   0x00000024   Code   RO         2267    i.HAL_NVIC_SetPriorityGrouping  stm32f4xx_hal_cortex.o
    0x08001390   0x08001390   0x00000134   Code   RO         1517    i.HAL_RCC_ClockConfig  stm32f4xx_hal_rcc.o
    0x080014c4   0x080014c4   0x0000000c   Code   RO         1522    i.HAL_RCC_GetHCLKFreq  stm32f4xx_hal_rcc.o
    0x080014d0   0x080014d0   0x00000020   Code   RO         1524    i.HAL_RCC_GetPCLK1Freq  stm32f4xx_hal_rcc.o
    0x080014f0   0x080014f0   0x00000020   Code   RO         1525    i.HAL_RCC_GetPCLK2Freq  stm32f4xx_hal_rcc.o
    0x08001510   0x08001510   0x00000064   Code   RO         1526    i.HAL_RCC_GetSysClockFreq  stm32f4xx_hal_rcc.o
    0x08001574   0x08001574   0x0000036c   Code   RO         1529    i.HAL_RCC_OscConfig  stm32f4xx_hal_rcc.o
    0x080018e0   0x080018e0   0x00000028   Code   RO         2271    i.HAL_SYSTICK_Config  stm32f4xx_hal_cortex.o
    0x08001908   0x08001908   0x00000002   Code   RO         2695    i.HAL_UARTEx_RxEventCallback  stm32f4xx_hal_uart.o
    0x0800190a   0x0800190a   0x00000002   Code   RO         2709    i.HAL_UART_ErrorCallback  stm32f4xx_hal_uart.o
    0x0800190c   0x0800190c   0x00000268   Code   RO         2712    i.HAL_UART_IRQHandler  stm32f4xx_hal_uart.o
    0x08001b74   0x08001b74   0x00000062   Code   RO         2713    i.HAL_UART_Init     stm32f4xx_hal_uart.o
    0x08001bd6   0x08001bd6   0x00000002   PAD
    0x08001bd8   0x08001bd8   0x000000f4   Code   RO         1000    i.HAL_UART_MspInit  stm32f4xx_hal_msp.o
    0x08001ccc   0x08001ccc   0x000000c0   Code   RO         2716    i.HAL_UART_Receive  stm32f4xx_hal_uart.o
    0x08001d8c   0x08001d8c   0x0000002a   Code   RO         2717    i.HAL_UART_Receive_DMA  stm32f4xx_hal_uart.o
    0x08001db6   0x08001db6   0x00000002   PAD
    0x08001db8   0x08001db8   0x00000020   Code   RO          663    i.HAL_UART_RxCpltCallback  main.o
    0x08001dd8   0x08001dd8   0x00000002   Code   RO         2720    i.HAL_UART_RxHalfCpltCallback  stm32f4xx_hal_uart.o
    0x08001dda   0x08001dda   0x00000002   PAD
    0x08001ddc   0x08001ddc   0x000000b2   Code   RO         2721    i.HAL_UART_Transmit  stm32f4xx_hal_uart.o
    0x08001e8e   0x08001e8e   0x00000002   Code   RO         2724    i.HAL_UART_TxCpltCallback  stm32f4xx_hal_uart.o
    0x08001e90   0x08001e90   0x00000002   Code   RO          911    i.HardFault_Handler  stm32f4xx_it.o
    0x08001e92   0x08001e92   0x00000002   PAD
    0x08001e94   0x08001e94   0x0000011c   Code   RO          664    i.Home_Identification  main.o
    0x08001fb0   0x08001fb0   0x0000002e   Code   RO         1119    i.I2C_IsAcknowledgeFailed  stm32f4xx_hal_i2c.o
    0x08001fde   0x08001fde   0x00000002   PAD
    0x08001fe0   0x08001fe0   0x000000ec   Code   RO         1122    i.I2C_MasterRequestRead  stm32f4xx_hal_i2c.o
    0x080020cc   0x080020cc   0x0000009c   Code   RO         1123    i.I2C_MasterRequestWrite  stm32f4xx_hal_i2c.o
    0x08002168   0x08002168   0x0000004c   Code   RO         1134    i.I2C_WaitOnBTFFlagUntilTimeout  stm32f4xx_hal_i2c.o
    0x080021b4   0x080021b4   0x00000068   Code   RO         1135    i.I2C_WaitOnFlagUntilTimeout  stm32f4xx_hal_i2c.o
    0x0800221c   0x0800221c   0x00000096   Code   RO         1136    i.I2C_WaitOnMasterAddressFlagUntilTimeout  stm32f4xx_hal_i2c.o
    0x080022b2   0x080022b2   0x00000066   Code   RO         1137    i.I2C_WaitOnRXNEFlagUntilTimeout  stm32f4xx_hal_i2c.o
    0x08002318   0x08002318   0x0000004c   Code   RO         1138    i.I2C_WaitOnTXEFlagUntilTimeout  stm32f4xx_hal_i2c.o
    0x08002364   0x08002364   0x00000090   Code   RO          669    i.MX_GPIO_Init      main.o
    0x080023f4   0x080023f4   0x00000002   Code   RO          912    i.MemManage_Handler  stm32f4xx_it.o
    0x080023f6   0x080023f6   0x00000002   Code   RO          913    i.NMI_Handler       stm32f4xx_it.o
    0x080023f8   0x080023f8   0x00000020   Code   RO         1042    i.PIDController_Init  pid_driver.o
    0x08002418   0x08002418   0x00000190   Code   RO         1043    i.PIDController_Update  pid_driver.o
    0x080025a8   0x080025a8   0x00000002   Code   RO          914    i.PendSV_Handler    stm32f4xx_it.o
    0x080025aa   0x080025aa   0x00000002   Code   RO          915    i.SVC_Handler       stm32f4xx_it.o
    0x080025ac   0x080025ac   0x00000004   Code   RO          916    i.SysTick_Handler   stm32f4xx_it.o
    0x080025b0   0x080025b0   0x00000094   Code   RO          680    i.SystemClock_Config  main.o
    0x08002644   0x08002644   0x00000010   Code   RO         3042    i.SystemInit        system_stm32f4xx.o
    0x08002654   0x08002654   0x00000010   Code   RO         2726    i.UART_DMAAbortOnError  stm32f4xx_hal_uart.o
    0x08002664   0x08002664   0x0000004a   Code   RO         2727    i.UART_DMAError     stm32f4xx_hal_uart.o
    0x080026ae   0x080026ae   0x00000082   Code   RO         2728    i.UART_DMAReceiveCplt  stm32f4xx_hal_uart.o
    0x08002730   0x08002730   0x0000001a   Code   RO         2730    i.UART_DMARxHalfCplt  stm32f4xx_hal_uart.o
    0x0800274a   0x0800274a   0x0000004e   Code   RO         2736    i.UART_EndRxTransfer  stm32f4xx_hal_uart.o
    0x08002798   0x08002798   0x0000001c   Code   RO         2737    i.UART_EndTxTransfer  stm32f4xx_hal_uart.o
    0x080027b4   0x080027b4   0x000000c0   Code   RO         2738    i.UART_Receive_IT   stm32f4xx_hal_uart.o
    0x08002874   0x08002874   0x0000010c   Code   RO         2739    i.UART_SetConfig    stm32f4xx_hal_uart.o
    0x08002980   0x08002980   0x00000094   Code   RO         2740    i.UART_Start_Receive_DMA  stm32f4xx_hal_uart.o
    0x08002a14   0x08002a14   0x00000078   Code   RO         2742    i.UART_WaitOnFlagUntilTimeout  stm32f4xx_hal_uart.o
    0x08002a8c   0x08002a8c   0x0000000c   Code   RO          917    i.USART2_IRQHandler  stm32f4xx_it.o
    0x08002a98   0x08002a98   0x00000002   Code   RO          918    i.UsageFault_Handler  stm32f4xx_it.o
    0x08002a9a   0x08002a9a   0x00000020   Code   RO         2273    i.__NVIC_SetPriority  stm32f4xx_hal_cortex.o
    0x08002aba   0x08002aba   0x0000001a   Code   RO          197    i.checksum_generator  komunikasi.o
    0x08002ad4   0x08002ad4   0x0000001a   Code   RO          483    i.checksum_generator  dynamixel.o
    0x08002aee   0x08002aee   0x0000002a   Code   RO          484    i.dyna_calibrate    dynamixel.o
    0x08002b18   0x08002b18   0x00000040   Code   RO          485    i.dyna_endless_turn  dynamixel.o
    0x08002b58   0x08002b58   0x00000010   Code   RO          486    i.dyna_init         dynamixel.o
    0x08002b68   0x08002b68   0x00000016   Code   RO          488    i.dyna_read_posisition  dynamixel.o
    0x08002b7e   0x08002b7e   0x00000002   PAD
    0x08002b80   0x08002b80   0x00000068   Code   RO          489    i.dyna_read_posisition_H  dynamixel.o
    0x08002be8   0x08002be8   0x00000068   Code   RO          490    i.dyna_read_posisition_L  dynamixel.o
    0x08002c50   0x08002c50   0x00000058   Code   RO          492    i.dyna_scan         dynamixel.o
    0x08002ca8   0x08002ca8   0x00000064   Code   RO          495    i.dyna_set_goal_position  dynamixel.o
    0x08002d0c   0x08002d0c   0x00000064   Code   RO          498    i.dyna_set_limit_CCW  dynamixel.o
    0x08002d70   0x08002d70   0x00000064   Code   RO          499    i.dyna_set_limit_CW  dynamixel.o
    0x08002dd4   0x08002dd4   0x0000006c   Code   RO          502    i.dyna_set_moving_speed  dynamixel.o
    0x08002e40   0x08002e40   0x00000060   Code   RO          505    i.dyna_set_torque_enabler  dynamixel.o
    0x08002ea0   0x08002ea0   0x0000000e   Code   RO          138    i.fuzzy_set_membership_input  fuzzy.o
    0x08002eae   0x08002eae   0x0000000e   Code   RO          139    i.fuzzy_set_membership_output  fuzzy.o
    0x08002ebc   0x08002ebc   0x00000064   Code   RO          341    i.husky_getAllArrowBlock  huskylens_driver.o
    0x08002f20   0x08002f20   0x000000a8   Code   RO          346    i.husky_getBlocks   huskylens_driver.o
    0x08002fc8   0x08002fc8   0x00000088   Code   RO          354    i.husky_setAlgorithm  huskylens_driver.o
    0x08003050   0x08003050   0x00000074   Code   RO          355    i.husky_setup       huskylens_driver.o
    0x080030c4   0x080030c4   0x0000000c   Code   RO          198    i.komunikasi_init   komunikasi.o
    0x080030d0   0x080030d0   0x0000046c   Code   RO          681    i.main              main.o
    0x0800353c   0x0800353c   0x0000025c   Code   RO          682    i.pid_run           main.o
    0x08003798   0x08003798   0x00000120   Code   RO          305    i.ping_read         ping_driver.o
    0x080038b8   0x080038b8   0x0000006c   Code   RO          199    i.rx_feedback       komunikasi.o
    0x08003924   0x08003924   0x00000010   Code   RO          201    i.rx_start          komunikasi.o
    0x08003934   0x08003934   0x0000003c   Code   RO          683    i.scp_belok         main.o
    0x08003970   0x08003970   0x000000f4   Code   RO          685    i.scp_deteksi_korban  main.o
    0x08003a64   0x08003a64   0x00000068   Code   RO          688    i.scp_kepala_move   main.o
    0x08003acc   0x08003acc   0x00000138   Code   RO          689    i.scp_korban_follower  main.o
    0x08003c04   0x08003c04   0x0000038c   Code   RO          691    i.scp_wall_follower  main.o
    0x08003f90   0x08003f90   0x00000078   Code   RO          204    i.tx_move_jalan     komunikasi.o
    0x08004008   0x08004008   0x00000084   Code   RO          205    i.tx_move_rotasi    komunikasi.o
    0x0800408c   0x0800408c   0x00000044   Code   RO          206    i.tx_move_steady    komunikasi.o
    0x080040d0   0x080040d0   0x00000064   Code   RO          210    i.tx_statis         komunikasi.o
    0x08004134   0x08004134   0x00000062   Code   RO         3090    x$fpl$d2f           fz_wm.l(d2f.o)
    0x08004196   0x08004196   0x00000002   PAD
    0x08004198   0x08004198   0x00000150   Code   RO         3092    x$fpl$dadd          fz_wm.l(daddsub_clz.o)
    0x080042e8   0x080042e8   0x00000018   Code   RO         3139    x$fpl$dcmpinf       fz_wm.l(dcmpi.o)
    0x08004300   0x08004300   0x000002b0   Code   RO         3099    x$fpl$ddiv          fz_wm.l(ddiv.o)
    0x080045b0   0x080045b0   0x00000078   Code   RO         3102    x$fpl$deqf          fz_wm.l(deqf.o)
    0x08004628   0x08004628   0x0000002e   Code   RO         3105    x$fpl$dflt          fz_wm.l(dflt_clz.o)
    0x08004656   0x08004656   0x00000002   PAD
    0x08004658   0x08004658   0x00000078   Code   RO         3110    x$fpl$dleqf         fz_wm.l(dleqf.o)
    0x080046d0   0x080046d0   0x00000154   Code   RO         3112    x$fpl$dmul          fz_wm.l(dmul.o)
    0x08004824   0x08004824   0x0000009c   Code   RO         3141    x$fpl$dnaninf       fz_wm.l(dnaninf.o)
    0x080048c0   0x080048c0   0x0000000c   Code   RO         3143    x$fpl$dretinf       fz_wm.l(dretinf.o)
    0x080048cc   0x080048cc   0x0000006c   Code   RO         3114    x$fpl$drleqf        fz_wm.l(drleqf.o)
    0x08004938   0x08004938   0x000001d4   Code   RO         3094    x$fpl$dsub          fz_wm.l(daddsub_clz.o)
    0x08004b0c   0x08004b0c   0x00000056   Code   RO         3116    x$fpl$f2d           fz_wm.l(f2d.o)
    0x08004b62   0x08004b62   0x0000008c   Code   RO         3145    x$fpl$fnaninf       fz_wm.l(fnaninf.o)
    0x08004bee   0x08004bee   0x0000000a   Code   RO         3276    x$fpl$fpinit        fz_wm.l(fpinit.o)
    0x08004bf8   0x08004bf8   0x0000000a   Code   RO         3147    x$fpl$fretinf       fz_wm.l(fretinf.o)
    0x08004c02   0x08004c02   0x00000000   Code   RO         3149    x$fpl$usenofp       fz_wm.l(usenofp.o)
    0x08004c02   0x08004c02   0x00000008   Data   RO         1990    .constdata          stm32f4xx_hal_dma.o
    0x08004c0a   0x08004c0a   0x00000010   Data   RO         3043    .constdata          system_stm32f4xx.o
    0x08004c1a   0x08004c1a   0x00000008   Data   RO         3044    .constdata          system_stm32f4xx.o
    0x08004c22   0x08004c22   0x00000002   PAD
    0x08004c24   0x08004c24   0x00000020   Data   RO         3334    Region$$Table       anon$$obj.o


    Execution Region RW_IRAM1 (Exec base: 0x20000000, Load base: 0x08004c44, Size: 0x00000bd8, Max: 0x0001c000, ABSOLUTE)

    Exec Addr    Load Addr    Size         Type   Attr      Idx    E Section Name        Object

    0x20000000   0x08004c44   0x00000008   Data   RW          212    .data               komunikasi.o
    0x20000008   0x08004c4c   0x00000008   Data   RW          358    .data               huskylens_driver.o
    0x20000010   0x08004c54   0x00000004   Data   RW          510    .data               dynamixel.o
    0x20000014   0x08004c58   0x00000004   PAD
    0x20000018   0x08004c5c   0x00000070   Data   RW          703    .data               main.o
    0x20000088   0x08004ccc   0x0000000c   Data   RW         2417    .data               stm32f4xx_hal.o
    0x20000094   0x08004cd8   0x00000004   Data   RW         3045    .data               system_stm32f4xx.o
    0x20000098        -       0x0000000a   Zero   RW          509    .bss                dynamixel.o
    0x200000a2   0x08004cdc   0x00000006   PAD
    0x200000a8        -       0x00000469   Zero   RW          693    .bss                main.o
    0x20000511   0x08004cdc   0x00000003   PAD
    0x20000514        -       0x00000060   Zero   RW          694    .bss                main.o
    0x20000574        -       0x00000060   Zero   RW         3206    .bss                c_w.l(libspace.o)
    0x200005d4   0x08004cdc   0x00000004   PAD
    0x200005d8        -       0x00000200   Zero   RW            2    HEAP                startup_stm32f407xx.o
    0x200007d8        -       0x00000400   Zero   RW            1    STACK               startup_stm32f407xx.o


    Execution Region RW_IRAM2 (Exec base: 0x2001c000, Load base: 0x08004cdc, Size: 0x00000000, Max: 0x00004000, ABSOLUTE)

    **** No section assigned to this execution region ****


==============================================================================

Image component sizes


      Code (inc. data)   RO Data    RW Data    ZI Data      Debug   Object Name

        68         10          0          0          0     665597   dwt_delay.o
       970        140          0          4         10       9294   dynamixel.o
        28          0          0          0          0       2127   fuzzy.o
       520         54          0          8          0       5162   huskylens_driver.o
       582         98          0          8          0       6721   komunikasi.o
      3976        358          0        112       1225      19486   main.o
       432         22          0          0          0       2160   pid_driver.o
       332         36          0          0          0       2152   ping_driver.o
        64         26        392          0       1536        840   startup_stm32f407xx.o
       180         28          0         12          0       9369   stm32f4xx_hal.o
       198         14          0          0          0      33911   stm32f4xx_hal_cortex.o
      1084         16          8          0          0       7302   stm32f4xx_hal_dma.o
       532         46          0          0          0       3476   stm32f4xx_hal_gpio.o
      2118         50          0          0          0      12514   stm32f4xx_hal_i2c.o
       524         54          0          0          0       2696   stm32f4xx_hal_msp.o
      1360         82          0          0          0       5684   stm32f4xx_hal_rcc.o
      2422         30          0          0          0      17976   stm32f4xx_hal_uart.o
        44         12          0          0          0       5056   stm32f4xx_it.o
        16          4         24          4          0       1115   system_stm32f4xx.o

    ----------------------------------------------------------------------
     15466       1080        458        152       2780     812638   Object Totals
         0          0         32          0          0          0   (incl. Generated)
        16          0          2          4          9          0   (incl. Padding)

    ----------------------------------------------------------------------

      Code (inc. data)   RO Data    RW Data    ZI Data      Debug   Library Member Name

         8          0          0          0          0         68   __main.o
         0          0          0          0          0          0   __rtentry.o
        12          0          0          0          0          0   __rtentry2.o
         6          0          0          0          0          0   __rtentry4.o
        52          8          0          0          0          0   __scatter.o
        26          0          0          0          0          0   __scatter_copy.o
        28          0          0          0          0          0   __scatter_zi.o
        18          0          0          0          0         80   exit.o
         6          0          0          0          0        152   heapauxi.o
         0          0          0          0          0          0   indicate_semi.o
         2          0          0          0          0          0   libinit.o
         6          0          0          0          0          0   libinit2.o
         2          0          0          0          0          0   libshutdown.o
         2          0          0          0          0          0   libshutdown2.o
         8          4          0          0         96         68   libspace.o
       238          0          0          0          0        100   lludivv7m.o
        78          0          0          0          0         80   rt_memclr_w.o
       138          0          0          0          0         68   rt_memcpy_v6.o
       100          0          0          0          0         80   rt_memcpy_w.o
         2          0          0          0          0          0   rtexit.o
        10          0          0          0          0          0   rtexit2.o
        12          4          0          0          0         68   sys_exit.o
        74          0          0          0          0         80   sys_stackheap_outer.o
         2          0          0          0          0         68   use_no_semi.o
        98          4          0          0          0        140   d2f.o
       804         16          0          0          0        368   daddsub_clz.o
        24          0          0          0          0        116   dcmpi.o
       688        140          0          0          0        256   ddiv.o
       120          4          0          0          0        140   deqf.o
        46          0          0          0          0        116   dflt_clz.o
       120          4          0          0          0        140   dleqf.o
       340         12          0          0          0        152   dmul.o
       156          4          0          0          0        140   dnaninf.o
        12          0          0          0          0        116   dretinf.o
       108          0          0          0          0        128   drleqf.o
        86          4          0          0          0        132   f2d.o
       140          4          0          0          0        132   fnaninf.o
        10          0          0          0          0        116   fpinit.o
        10          0          0          0          0        116   fretinf.o
         0          0          0          0          0          0   usenofp.o

    ----------------------------------------------------------------------
      3600        208          0          0        100       3220   Library Totals
         8          0          0          0          4          0   (incl. Padding)

    ----------------------------------------------------------------------

      Code (inc. data)   RO Data    RW Data    ZI Data      Debug   Library Name

       830         16          0          0         96        912   c_w.l
      2762        192          0          0          0       2308   fz_wm.l

    ----------------------------------------------------------------------
      3600        208          0          0        100       3220   Library Totals

    ----------------------------------------------------------------------

==============================================================================


      Code (inc. data)   RO Data    RW Data    ZI Data      Debug   

     19066       1288        458        152       2880     802994   Grand Totals
     19066       1288        458        152       2880     802994   ELF Image Totals
     19066       1288        458        152          0          0   ROM Totals

==============================================================================

    Total RO  Size (Code + RO Data)                19524 (  19.07kB)
    Total RW  Size (RW Data + ZI Data)              3032 (   2.96kB)
    Total ROM Size (Code + RO Data + RW Data)      19676 (  19.21kB)

==============================================================================

